[     199ms] [LOG] [Fast Refresh] rebuilding @ webpack-internal:///(app-pages-browser)/./node_modules/next/dist/client/dev/hot-reloader/app/hot-reloader-app.js:196
[    1059ms] [LOG] [Fast Refresh] done in 860ms @ webpack-internal:///(app-pages-browser)/./node_modules/next/dist/client/dev/report-hmr-latency.js:13
[    1635ms] [INFO] %cDownload the React DevTools for a better development experience: https://react.dev/link/react-devtools font-weight:bold @ webpack-internal:///(app-pages-browser)/./node_modules/next/dist/compiled/react-dom/cjs/react-dom-client.development.js:25630
[    1969ms] [LOG] i18next: languageChanged en-GB @ webpack-internal:///(app-pages-browser)/./node_modules/i18next/dist/esm/i18next.js:223
[    1969ms] [LOG] i18next: initialized {debug: true, initAsync: true, ns: Array(1), defaultNS: Array(1), fallbackLng: Array(1)} @ webpack-internal:///(app-pages-browser)/./node_modules/i18next/dist/esm/i18next.js:223
[    2069ms] [VERBOSE] [DOM] Input elements should have autocomplete attributes (suggested: "current-password"): (More info: https://goo.gl/9p2vKq) %o @ http://localhost:3000/signin:0
[  127412ms] [ERROR] Failed to load resource: net::ERR_CONNECTION_REFUSED @ http://127.0.0.1:7242/ingest/82ff2983-30f8-41d1-a335-d37b94435673:0
[  127417ms] [ERROR] Failed to load resource: net::ERR_CONNECTION_REFUSED @ http://127.0.0.1:7242/ingest/82ff2983-30f8-41d1-a335-d37b94435673:0
[  127417ms] [ERROR] Failed to load resource: net::ERR_CONNECTION_REFUSED @ http://127.0.0.1:7242/ingest/82ff2983-30f8-41d1-a335-d37b94435673:0
[  127417ms] [ERROR] Failed to load resource: net::ERR_CONNECTION_REFUSED @ http://127.0.0.1:7242/ingest/82ff2983-30f8-41d1-a335-d37b94435673:0
[  127723ms] [LOG] [Fast Refresh] rebuilding @ webpack-internal:///(app-pages-browser)/./node_modules/next/dist/client/dev/hot-reloader/app/hot-reloader-app.js:196
[  128181ms] [LOG] [Fast Refresh] rebuilding @ webpack-internal:///(app-pages-browser)/./node_modules/next/dist/client/dev/hot-reloader/app/hot-reloader-app.js:196
[  128353ms] [LOG] [Fast Refresh] done in 173ms @ webpack-internal:///(app-pages-browser)/./node_modules/next/dist/client/dev/report-hmr-latency.js:13
[  128635ms] [LOG] [Fast Refresh] done in 455ms @ webpack-internal:///(app-pages-browser)/./node_modules/next/dist/client/dev/report-hmr-latency.js:13
[  182855ms] [LOG] [Fast Refresh] rebuilding @ webpack-internal:///(app-pages-browser)/./node_modules/next/dist/client/dev/hot-reloader/app/hot-reloader-app.js:196
[  184587ms] [LOG] [Fast Refresh] done in 1731ms @ webpack-internal:///(app-pages-browser)/./node_modules/next/dist/client/dev/report-hmr-latency.js:13
[  185134ms] [ERROR] Failed to load resource: net::ERR_CONNECTION_REFUSED @ http://127.0.0.1:7242/ingest/82ff2983-30f8-41d1-a335-d37b94435673:0
[  358898ms] [LOG] [Fast Refresh] rebuilding @ webpack-internal:///(app-pages-browser)/./node_modules/next/dist/client/dev/hot-reloader/app/hot-reloader-app.js:196
[  359507ms] [LOG] [Fast Refresh] done in 610ms @ webpack-internal:///(app-pages-browser)/./node_modules/next/dist/client/dev/report-hmr-latency.js:13
[  359786ms] [ERROR] Failed to load resource: net::ERR_CONNECTION_REFUSED @ http://127.0.0.1:7242/ingest/82ff2983-30f8-41d1-a335-d37b94435673:0
[  380329ms] [WARNING] Warning: Missing `Description` or `aria-describedby={undefined}` for {DialogContent}. @ webpack-internal:///(app-pages-browser)/./node_modules/@radix-ui/react-dialog/dist/index.mjs:476
[  380332ms] [WARNING] Warning: Missing `Description` or `aria-describedby={undefined}` for {DialogContent}. @ webpack-internal:///(app-pages-browser)/./node_modules/@radix-ui/react-dialog/dist/index.mjs:476
[  380423ms] [ERROR] Failed to load resource: the server responded with a status of 422 (Unprocessable Content) @ http://localhost:8000/api/v1/sla-management/sla-policies/?page=1&limit=200&sort=name&dir=asc:0
[  381489ms] [ERROR] Failed to load resource: the server responded with a status of 422 (Unprocessable Content) @ http://localhost:8000/api/v1/sla-management/sla-policies/?page=1&limit=200&sort=name&dir=asc:0
[  383554ms] [ERROR] Failed to load resource: the server responded with a status of 422 (Unprocessable Content) @ http://localhost:8000/api/v1/sla-management/sla-policies/?page=1&limit=200&sort=name&dir=asc:0
[  387630ms] [ERROR] Failed to load resource: the server responded with a status of 422 (Unprocessable Content) @ http://localhost:8000/api/v1/sla-management/sla-policies/?page=1&limit=200&sort=name&dir=asc:0
[  410329ms] [LOG] [Fast Refresh] rebuilding @ webpack-internal:///(app-pages-browser)/./node_modules/next/dist/client/dev/hot-reloader/app/hot-reloader-app.js:196
[  411563ms] [LOG] [Fast Refresh] done in 1234ms @ webpack-internal:///(app-pages-browser)/./node_modules/next/dist/client/dev/report-hmr-latency.js:13
[  412567ms] [ERROR] Failed to load resource: the server responded with a status of 422 (Unprocessable Content) @ http://localhost:8000/api/v1/sla-management/sla-policies/?page=1&limit=200&sort=name&dir=asc:0
[  423511ms] [WARNING] Warning: Missing `Description` or `aria-describedby={undefined}` for {DialogContent}. @ webpack-internal:///(app-pages-browser)/./node_modules/@radix-ui/react-dialog/dist/index.mjs:476
[  423512ms] [WARNING] Warning: Missing `Description` or `aria-describedby={undefined}` for {DialogContent}. @ webpack-internal:///(app-pages-browser)/./node_modules/@radix-ui/react-dialog/dist/index.mjs:476
