[    1403ms] [ERROR] Failed to load resource: the server responded with a status of 400 (Bad Request) @ http://localhost:3000/_next/static/css/ae9474c46b1aa04e.css:0
[    1427ms] [ERROR] Failed to load resource: the server responded with a status of 400 (Bad Request) @ http://localhost:3000/_next/static/chunks/17507-8ebe2ac773825597.js:0
[    1427ms] [ERROR] Failed to load resource: the server responded with a status of 400 (Bad Request) @ http://localhost:3000/_next/static/chunks/43754-7571236d88dc3b04.js:0
[    1427ms] [ERROR] Failed to load resource: the server responded with a status of 400 (Bad Request) @ http://localhost:3000/_next/static/chunks/22454-bcd67a340ef9ff26.js:0
[    1427ms] [ERROR] Failed to load resource: the server responded with a status of 400 (Bad Request) @ http://localhost:3000/_next/static/chunks/10297-bb3158506a43f846.js:0
[    1427ms] [ERROR] Failed to load resource: the server responded with a status of 400 (Bad Request) @ http://localhost:3000/_next/static/chunks/62758-f3c15a5335975081.js:0
[    1444ms] [ERROR] Failed to load resource: the server responded with a status of 400 (Bad Request) @ http://localhost:3000/_next/static/chunks/26732-e0f96fbe9b17d131.js:0
[    1447ms] [ERROR] Failed to load resource: the server responded with a status of 400 (Bad Request) @ http://localhost:3000/_next/static/chunks/56071-dbed4c12f0b605da.js:0
[    1447ms] [ERROR] Failed to load resource: the server responded with a status of 400 (Bad Request) @ http://localhost:3000/_next/static/chunks/20533-a4c9ae5f1b6a3d58.js:0
[    1447ms] [ERROR] Failed to load resource: the server responded with a status of 400 (Bad Request) @ http://localhost:3000/_next/static/chunks/68665-cb9f14cb51615393.js:0
[    1447ms] [ERROR] Failed to load resource: the server responded with a status of 400 (Bad Request) @ http://localhost:3000/_next/static/chunks/50045-f0417579fabb6904.js:0
[    1448ms] [ERROR] Failed to load resource: the server responded with a status of 400 (Bad Request) @ http://localhost:3000/_next/static/chunks/app/(protected)/layout-72b55528427f2cb4.js:0
[    1448ms] [ERROR] Failed to load resource: the server responded with a status of 400 (Bad Request) @ http://localhost:3000/_next/static/chunks/app/(protected)/page-a6806514e59fb72e.js:0
[    1569ms] ChunkLoadError: Loading chunk 17507 failed.
(error: http://localhost:3000/_next/static/chunks/17507-8ebe2ac773825597.js)
    at r.f.j (http://localhost:3000/_next/static/chunks/webpack-2b7a6398443b43e9.js:1:3891)
    at http://localhost:3000/_next/static/chunks/webpack-2b7a6398443b43e9.js:1:1226
    at Array.reduce (<anonymous>)
    at r.e (http://localhost:3000/_next/static/chunks/webpack-2b7a6398443b43e9.js:1:1205)
    at c (http://localhost:3000/_next/static/chunks/31255-9524d9d47a8e8f1e.js:1:150279)
    at http://localhost:3000/_next/static/chunks/31255-9524d9d47a8e8f1e.js:1:164893
    at t (http://localhost:3000/_next/static/chunks/31255-9524d9d47a8e8f1e.js:1:166351)
