[     335ms] [ERROR] Failed to load resource: net::ERR_CONNECTION_REFUSED @ http://127.0.0.1:7242/ingest/82ff2983-30f8-41d1-a335-d37b94435673:0
[     337ms] [ERROR] Failed to load resource: net::ERR_CONNECTION_REFUSED @ http://127.0.0.1:7242/ingest/82ff2983-30f8-41d1-a335-d37b94435673:0
[     338ms] [ERROR] Failed to load resource: net::ERR_CONNECTION_REFUSED @ http://127.0.0.1:7242/ingest/82ff2983-30f8-41d1-a335-d37b94435673:0
[     338ms] [ERROR] Failed to load resource: net::ERR_CONNECTION_REFUSED @ http://127.0.0.1:7242/ingest/82ff2983-30f8-41d1-a335-d37b94435673:0
[     403ms] [ERROR] Failed to load resource: net::ERR_CONNECTION_REFUSED @ http://127.0.0.1:7242/ingest/82ff2983-30f8-41d1-a335-d37b94435673:0
[     405ms] [ERROR] Failed to load resource: net::ERR_CONNECTION_REFUSED @ http://127.0.0.1:7242/ingest/82ff2983-30f8-41d1-a335-d37b94435673:0
[   32765ms] [ERROR] Failed to load resource: net::ERR_CONNECTION_REFUSED @ http://127.0.0.1:7242/ingest/82ff2983-30f8-41d1-a335-d37b94435673:0
[   32766ms] [ERROR] Failed to load resource: net::ERR_CONNECTION_REFUSED @ http://127.0.0.1:7242/ingest/82ff2983-30f8-41d1-a335-d37b94435673:0
[   32767ms] [ERROR] Failed to load resource: net::ERR_CONNECTION_REFUSED @ http://127.0.0.1:7242/ingest/82ff2983-30f8-41d1-a335-d37b94435673:0
[   32767ms] [ERROR] Failed to load resource: net::ERR_CONNECTION_REFUSED @ http://127.0.0.1:7242/ingest/82ff2983-30f8-41d1-a335-d37b94435673:0
[   32818ms] [ERROR] Failed to load resource: net::ERR_CONNECTION_REFUSED @ http://127.0.0.1:7242/ingest/82ff2983-30f8-41d1-a335-d37b94435673:0
[   32820ms] [ERROR] Failed to load resource: net::ERR_CONNECTION_REFUSED @ http://127.0.0.1:7242/ingest/82ff2983-30f8-41d1-a335-d37b94435673:0
[   93304ms] [ERROR] Failed to load resource: net::ERR_CONNECTION_REFUSED @ http://localhost:3000/api/auth/token:0
[   93304ms] [ERROR] Failed to get token for API call TypeError: Failed to fetch
    at o (http://localhost:3000/_next/static/chunks/70603-f29b3c13d43280d6.js:1:16707)
    at G (http://localhost:3000/_next/static/chunks/app/(protected)/layout-684c19d7499aa120.js:1:44580)
    at queryFn (http://localhost:3000/_next/static/chunks/app/(protected)/layout-684c19d7499aa120.js:1:51026)
    at Object.n [as fn] (http://localhost:3000/_next/static/chunks/22454-bcd67a340ef9ff26.js:1:12236)
    at b (http://localhost:3000/_next/static/chunks/90643-4a99605b7043194a.js:1:7243)
    at Object.start (http://localhost:3000/_next/static/chunks/90643-4a99605b7043194a.js:1:7799)
    at h.fetch (http://localhost:3000/_next/static/chunks/22454-bcd67a340ef9ff26.js:1:13003)
    at #y (http://localhost:3000/_next/static/chunks/22454-bcd67a340ef9ff26.js:1:2735)
    at http://localhost:3000/_next/static/chunks/22454-bcd67a340ef9ff26.js:1:3362 @ http://localhost:3000/_next/static/chunks/70603-f29b3c13d43280d6.js:0
[   93308ms] [ERROR] Failed to load resource: the server responded with a status of 401 (Unauthorized) @ http://localhost:8000/api/v1/notifications/unread-count?include_archived=false:0
[   94311ms] [ERROR] Failed to load resource: net::ERR_CONNECTION_REFUSED @ http://localhost:3000/api/auth/token:0
[   94312ms] [ERROR] Failed to get token for API call TypeError: Failed to fetch
    at o (http://localhost:3000/_next/static/chunks/70603-f29b3c13d43280d6.js:1:16707)
    at G (http://localhost:3000/_next/static/chunks/app/(protected)/layout-684c19d7499aa120.js:1:44580)
    at queryFn (http://localhost:3000/_next/static/chunks/app/(protected)/layout-684c19d7499aa120.js:1:51026)
    at Object.n [as fn] (http://localhost:3000/_next/static/chunks/22454-bcd67a340ef9ff26.js:1:12236)
    at b (http://localhost:3000/_next/static/chunks/90643-4a99605b7043194a.js:1:7243)
    at http://localhost:3000/_next/static/chunks/90643-4a99605b7043194a.js:1:7582 @ http://localhost:3000/_next/static/chunks/70603-f29b3c13d43280d6.js:0
[   94315ms] [ERROR] Failed to load resource: the server responded with a status of 401 (Unauthorized) @ http://localhost:8000/api/v1/notifications/unread-count?include_archived=false:0
[   96320ms] [ERROR] Failed to load resource: net::ERR_CONNECTION_REFUSED @ http://localhost:3000/api/auth/token:0
[   96320ms] [ERROR] Failed to get token for API call TypeError: Failed to fetch
    at o (http://localhost:3000/_next/static/chunks/70603-f29b3c13d43280d6.js:1:16707)
    at G (http://localhost:3000/_next/static/chunks/app/(protected)/layout-684c19d7499aa120.js:1:44580)
    at queryFn (http://localhost:3000/_next/static/chunks/app/(protected)/layout-684c19d7499aa120.js:1:51026)
    at Object.n [as fn] (http://localhost:3000/_next/static/chunks/22454-bcd67a340ef9ff26.js:1:12236)
    at b (http://localhost:3000/_next/static/chunks/90643-4a99605b7043194a.js:1:7243)
    at http://localhost:3000/_next/static/chunks/90643-4a99605b7043194a.js:1:7582 @ http://localhost:3000/_next/static/chunks/70603-f29b3c13d43280d6.js:0
[   96327ms] [ERROR] Failed to load resource: the server responded with a status of 401 (Unauthorized) @ http://localhost:8000/api/v1/notifications/unread-count?include_archived=false:0
[  100331ms] [ERROR] Failed to load resource: net::ERR_CONNECTION_REFUSED @ http://localhost:3000/api/auth/token:0
[  100332ms] [ERROR] Failed to get token for API call TypeError: Failed to fetch
    at o (http://localhost:3000/_next/static/chunks/70603-f29b3c13d43280d6.js:1:16707)
    at G (http://localhost:3000/_next/static/chunks/app/(protected)/layout-684c19d7499aa120.js:1:44580)
    at queryFn (http://localhost:3000/_next/static/chunks/app/(protected)/layout-684c19d7499aa120.js:1:51026)
    at Object.n [as fn] (http://localhost:3000/_next/static/chunks/22454-bcd67a340ef9ff26.js:1:12236)
    at b (http://localhost:3000/_next/static/chunks/90643-4a99605b7043194a.js:1:7243)
    at http://localhost:3000/_next/static/chunks/90643-4a99605b7043194a.js:1:7582 @ http://localhost:3000/_next/static/chunks/70603-f29b3c13d43280d6.js:0
[  100339ms] [ERROR] Failed to load resource: the server responded with a status of 401 (Unauthorized) @ http://localhost:8000/api/v1/notifications/unread-count?include_archived=false:0
[  110346ms] [ERROR] Failed to load resource: net::ERR_CONNECTION_REFUSED @ http://localhost:3000/api/auth/token:0
[  110347ms] [ERROR] Failed to get token for API call TypeError: Failed to fetch
    at o (http://localhost:3000/_next/static/chunks/70603-f29b3c13d43280d6.js:1:16707)
    at G (http://localhost:3000/_next/static/chunks/app/(protected)/layout-684c19d7499aa120.js:1:44580)
    at queryFn (http://localhost:3000/_next/static/chunks/app/(protected)/layout-684c19d7499aa120.js:1:51026)
    at Object.n [as fn] (http://localhost:3000/_next/static/chunks/22454-bcd67a340ef9ff26.js:1:12236)
    at b (http://localhost:3000/_next/static/chunks/90643-4a99605b7043194a.js:1:7243)
    at Object.start (http://localhost:3000/_next/static/chunks/90643-4a99605b7043194a.js:1:7799)
    at h.fetch (http://localhost:3000/_next/static/chunks/22454-bcd67a340ef9ff26.js:1:13003)
    at #y (http://localhost:3000/_next/static/chunks/22454-bcd67a340ef9ff26.js:1:2735)
    at http://localhost:3000/_next/static/chunks/22454-bcd67a340ef9ff26.js:1:3362 @ http://localhost:3000/_next/static/chunks/70603-f29b3c13d43280d6.js:0
[  110359ms] [ERROR] Failed to load resource: the server responded with a status of 401 (Unauthorized) @ http://localhost:8000/api/v1/notifications/unread-count?include_archived=false:0
[  111364ms] [ERROR] Failed to load resource: net::ERR_CONNECTION_REFUSED @ http://localhost:3000/api/auth/token:0
[  111364ms] [ERROR] Failed to get token for API call TypeError: Failed to fetch
    at o (http://localhost:3000/_next/static/chunks/70603-f29b3c13d43280d6.js:1:16707)
    at G (http://localhost:3000/_next/static/chunks/app/(protected)/layout-684c19d7499aa120.js:1:44580)
    at queryFn (http://localhost:3000/_next/static/chunks/app/(protected)/layout-684c19d7499aa120.js:1:51026)
    at Object.n [as fn] (http://localhost:3000/_next/static/chunks/22454-bcd67a340ef9ff26.js:1:12236)
    at b (http://localhost:3000/_next/static/chunks/90643-4a99605b7043194a.js:1:7243)
    at http://localhost:3000/_next/static/chunks/90643-4a99605b7043194a.js:1:7582 @ http://localhost:3000/_next/static/chunks/70603-f29b3c13d43280d6.js:0
[  111372ms] [ERROR] Failed to load resource: the server responded with a status of 401 (Unauthorized) @ http://localhost:8000/api/v1/notifications/unread-count?include_archived=false:0
[  113377ms] [ERROR] Failed to load resource: net::ERR_CONNECTION_REFUSED @ http://localhost:3000/api/auth/token:0
[  113377ms] [ERROR] Failed to get token for API call TypeError: Failed to fetch
    at o (http://localhost:3000/_next/static/chunks/70603-f29b3c13d43280d6.js:1:16707)
    at G (http://localhost:3000/_next/static/chunks/app/(protected)/layout-684c19d7499aa120.js:1:44580)
    at queryFn (http://localhost:3000/_next/static/chunks/app/(protected)/layout-684c19d7499aa120.js:1:51026)
    at Object.n [as fn] (http://localhost:3000/_next/static/chunks/22454-bcd67a340ef9ff26.js:1:12236)
    at b (http://localhost:3000/_next/static/chunks/90643-4a99605b7043194a.js:1:7243)
    at http://localhost:3000/_next/static/chunks/90643-4a99605b7043194a.js:1:7582 @ http://localhost:3000/_next/static/chunks/70603-f29b3c13d43280d6.js:0
[  113384ms] [ERROR] Failed to load resource: the server responded with a status of 401 (Unauthorized) @ http://localhost:8000/api/v1/notifications/unread-count?include_archived=false:0
[  117396ms] [ERROR] Failed to load resource: net::ERR_CONNECTION_REFUSED @ http://localhost:3000/api/auth/token:0
[  117396ms] [ERROR] Failed to get token for API call TypeError: Failed to fetch
    at o (http://localhost:3000/_next/static/chunks/70603-f29b3c13d43280d6.js:1:16707)
    at G (http://localhost:3000/_next/static/chunks/app/(protected)/layout-684c19d7499aa120.js:1:44580)
    at queryFn (http://localhost:3000/_next/static/chunks/app/(protected)/layout-684c19d7499aa120.js:1:51026)
    at Object.n [as fn] (http://localhost:3000/_next/static/chunks/22454-bcd67a340ef9ff26.js:1:12236)
    at b (http://localhost:3000/_next/static/chunks/90643-4a99605b7043194a.js:1:7243)
    at http://localhost:3000/_next/static/chunks/90643-4a99605b7043194a.js:1:7582 @ http://localhost:3000/_next/static/chunks/70603-f29b3c13d43280d6.js:0
[  117405ms] [ERROR] Failed to load resource: the server responded with a status of 401 (Unauthorized) @ http://localhost:8000/api/v1/notifications/unread-count?include_archived=false:0
[  127417ms] [ERROR] Failed to load resource: net::ERR_CONNECTION_REFUSED @ http://localhost:3000/api/auth/token:0
[  127417ms] [ERROR] Failed to get token for API call TypeError: Failed to fetch
    at o (http://localhost:3000/_next/static/chunks/70603-f29b3c13d43280d6.js:1:16707)
    at G (http://localhost:3000/_next/static/chunks/app/(protected)/layout-684c19d7499aa120.js:1:44580)
    at queryFn (http://localhost:3000/_next/static/chunks/app/(protected)/layout-684c19d7499aa120.js:1:51026)
    at Object.n [as fn] (http://localhost:3000/_next/static/chunks/22454-bcd67a340ef9ff26.js:1:12236)
    at b (http://localhost:3000/_next/static/chunks/90643-4a99605b7043194a.js:1:7243)
    at Object.start (http://localhost:3000/_next/static/chunks/90643-4a99605b7043194a.js:1:7799)
    at h.fetch (http://localhost:3000/_next/static/chunks/22454-bcd67a340ef9ff26.js:1:13003)
    at #y (http://localhost:3000/_next/static/chunks/22454-bcd67a340ef9ff26.js:1:2735)
    at http://localhost:3000/_next/static/chunks/22454-bcd67a340ef9ff26.js:1:3362 @ http://localhost:3000/_next/static/chunks/70603-f29b3c13d43280d6.js:0
[  127437ms] [ERROR] Failed to load resource: the server responded with a status of 401 (Unauthorized) @ http://localhost:8000/api/v1/notifications/unread-count?include_archived=false:0
[  128441ms] [ERROR] Failed to load resource: net::ERR_CONNECTION_REFUSED @ http://localhost:3000/api/auth/token:0
[  128441ms] [ERROR] Failed to get token for API call TypeError: Failed to fetch
    at o (http://localhost:3000/_next/static/chunks/70603-f29b3c13d43280d6.js:1:16707)
    at G (http://localhost:3000/_next/static/chunks/app/(protected)/layout-684c19d7499aa120.js:1:44580)
    at queryFn (http://localhost:3000/_next/static/chunks/app/(protected)/layout-684c19d7499aa120.js:1:51026)
    at Object.n [as fn] (http://localhost:3000/_next/static/chunks/22454-bcd67a340ef9ff26.js:1:12236)
    at b (http://localhost:3000/_next/static/chunks/90643-4a99605b7043194a.js:1:7243)
    at http://localhost:3000/_next/static/chunks/90643-4a99605b7043194a.js:1:7582 @ http://localhost:3000/_next/static/chunks/70603-f29b3c13d43280d6.js:0
[  128444ms] [ERROR] Failed to load resource: the server responded with a status of 401 (Unauthorized) @ http://localhost:8000/api/v1/notifications/unread-count?include_archived=false:0
[  130449ms] [ERROR] Failed to load resource: net::ERR_CONNECTION_REFUSED @ http://localhost:3000/api/auth/token:0
[  130449ms] [ERROR] Failed to get token for API call TypeError: Failed to fetch
    at o (http://localhost:3000/_next/static/chunks/70603-f29b3c13d43280d6.js:1:16707)
    at G (http://localhost:3000/_next/static/chunks/app/(protected)/layout-684c19d7499aa120.js:1:44580)
    at queryFn (http://localhost:3000/_next/static/chunks/app/(protected)/layout-684c19d7499aa120.js:1:51026)
    at Object.n [as fn] (http://localhost:3000/_next/static/chunks/22454-bcd67a340ef9ff26.js:1:12236)
    at b (http://localhost:3000/_next/static/chunks/90643-4a99605b7043194a.js:1:7243)
    at http://localhost:3000/_next/static/chunks/90643-4a99605b7043194a.js:1:7582 @ http://localhost:3000/_next/static/chunks/70603-f29b3c13d43280d6.js:0
[  130456ms] [ERROR] Failed to load resource: the server responded with a status of 401 (Unauthorized) @ http://localhost:8000/api/v1/notifications/unread-count?include_archived=false:0
[  134460ms] [ERROR] Failed to load resource: net::ERR_CONNECTION_REFUSED @ http://localhost:3000/api/auth/token:0
[  134460ms] [ERROR] Failed to get token for API call TypeError: Failed to fetch
    at o (http://localhost:3000/_next/static/chunks/70603-f29b3c13d43280d6.js:1:16707)
    at G (http://localhost:3000/_next/static/chunks/app/(protected)/layout-684c19d7499aa120.js:1:44580)
    at queryFn (http://localhost:3000/_next/static/chunks/app/(protected)/layout-684c19d7499aa120.js:1:51026)
    at Object.n [as fn] (http://localhost:3000/_next/static/chunks/22454-bcd67a340ef9ff26.js:1:12236)
    at b (http://localhost:3000/_next/static/chunks/90643-4a99605b7043194a.js:1:7243)
    at http://localhost:3000/_next/static/chunks/90643-4a99605b7043194a.js:1:7582 @ http://localhost:3000/_next/static/chunks/70603-f29b3c13d43280d6.js:0
[  134462ms] [ERROR] Failed to load resource: the server responded with a status of 401 (Unauthorized) @ http://localhost:8000/api/v1/notifications/unread-count?include_archived=false:0
[  144473ms] [ERROR] Failed to load resource: net::ERR_CONNECTION_REFUSED @ http://localhost:3000/api/auth/token:0
[  144473ms] [ERROR] Failed to get token for API call TypeError: Failed to fetch
    at o (http://localhost:3000/_next/static/chunks/70603-f29b3c13d43280d6.js:1:16707)
    at G (http://localhost:3000/_next/static/chunks/app/(protected)/layout-684c19d7499aa120.js:1:44580)
    at queryFn (http://localhost:3000/_next/static/chunks/app/(protected)/layout-684c19d7499aa120.js:1:51026)
    at Object.n [as fn] (http://localhost:3000/_next/static/chunks/22454-bcd67a340ef9ff26.js:1:12236)
    at b (http://localhost:3000/_next/static/chunks/90643-4a99605b7043194a.js:1:7243)
    at Object.start (http://localhost:3000/_next/static/chunks/90643-4a99605b7043194a.js:1:7799)
    at h.fetch (http://localhost:3000/_next/static/chunks/22454-bcd67a340ef9ff26.js:1:13003)
    at #y (http://localhost:3000/_next/static/chunks/22454-bcd67a340ef9ff26.js:1:2735)
    at http://localhost:3000/_next/static/chunks/22454-bcd67a340ef9ff26.js:1:3362 @ http://localhost:3000/_next/static/chunks/70603-f29b3c13d43280d6.js:0
[  144492ms] [ERROR] Failed to load resource: the server responded with a status of 401 (Unauthorized) @ http://localhost:8000/api/v1/notifications/unread-count?include_archived=false:0
[  145495ms] [ERROR] Failed to load resource: net::ERR_CONNECTION_REFUSED @ http://localhost:3000/api/auth/token:0
[  145495ms] [ERROR] Failed to get token for API call TypeError: Failed to fetch
    at o (http://localhost:3000/_next/static/chunks/70603-f29b3c13d43280d6.js:1:16707)
    at G (http://localhost:3000/_next/static/chunks/app/(protected)/layout-684c19d7499aa120.js:1:44580)
    at queryFn (http://localhost:3000/_next/static/chunks/app/(protected)/layout-684c19d7499aa120.js:1:51026)
    at Object.n [as fn] (http://localhost:3000/_next/static/chunks/22454-bcd67a340ef9ff26.js:1:12236)
    at b (http://localhost:3000/_next/static/chunks/90643-4a99605b7043194a.js:1:7243)
    at http://localhost:3000/_next/static/chunks/90643-4a99605b7043194a.js:1:7582 @ http://localhost:3000/_next/static/chunks/70603-f29b3c13d43280d6.js:0
[  145499ms] [ERROR] Failed to load resource: the server responded with a status of 401 (Unauthorized) @ http://localhost:8000/api/v1/notifications/unread-count?include_archived=false:0
[  147504ms] [ERROR] Failed to load resource: net::ERR_CONNECTION_REFUSED @ http://localhost:3000/api/auth/token:0
[  147505ms] [ERROR] Failed to get token for API call TypeError: Failed to fetch
    at o (http://localhost:3000/_next/static/chunks/70603-f29b3c13d43280d6.js:1:16707)
    at G (http://localhost:3000/_next/static/chunks/app/(protected)/layout-684c19d7499aa120.js:1:44580)
    at queryFn (http://localhost:3000/_next/static/chunks/app/(protected)/layout-684c19d7499aa120.js:1:51026)
    at Object.n [as fn] (http://localhost:3000/_next/static/chunks/22454-bcd67a340ef9ff26.js:1:12236)
    at b (http://localhost:3000/_next/static/chunks/90643-4a99605b7043194a.js:1:7243)
    at http://localhost:3000/_next/static/chunks/90643-4a99605b7043194a.js:1:7582 @ http://localhost:3000/_next/static/chunks/70603-f29b3c13d43280d6.js:0
[  147511ms] [ERROR] Failed to load resource: the server responded with a status of 401 (Unauthorized) @ http://localhost:8000/api/v1/notifications/unread-count?include_archived=false:0
[  151515ms] [ERROR] Failed to load resource: net::ERR_CONNECTION_REFUSED @ http://localhost:3000/api/auth/token:0
[  151515ms] [ERROR] Failed to get token for API call TypeError: Failed to fetch
    at o (http://localhost:3000/_next/static/chunks/70603-f29b3c13d43280d6.js:1:16707)
    at G (http://localhost:3000/_next/static/chunks/app/(protected)/layout-684c19d7499aa120.js:1:44580)
    at queryFn (http://localhost:3000/_next/static/chunks/app/(protected)/layout-684c19d7499aa120.js:1:51026)
    at Object.n [as fn] (http://localhost:3000/_next/static/chunks/22454-bcd67a340ef9ff26.js:1:12236)
    at b (http://localhost:3000/_next/static/chunks/90643-4a99605b7043194a.js:1:7243)
    at http://localhost:3000/_next/static/chunks/90643-4a99605b7043194a.js:1:7582 @ http://localhost:3000/_next/static/chunks/70603-f29b3c13d43280d6.js:0
[  151522ms] [ERROR] Failed to load resource: the server responded with a status of 401 (Unauthorized) @ http://localhost:8000/api/v1/notifications/unread-count?include_archived=false:0
[  161526ms] [ERROR] Failed to load resource: net::ERR_CONNECTION_REFUSED @ http://localhost:3000/api/auth/token:0
[  161527ms] [ERROR] Failed to get token for API call TypeError: Failed to fetch
    at o (http://localhost:3000/_next/static/chunks/70603-f29b3c13d43280d6.js:1:16707)
    at G (http://localhost:3000/_next/static/chunks/app/(protected)/layout-684c19d7499aa120.js:1:44580)
    at queryFn (http://localhost:3000/_next/static/chunks/app/(protected)/layout-684c19d7499aa120.js:1:51026)
    at Object.n [as fn] (http://localhost:3000/_next/static/chunks/22454-bcd67a340ef9ff26.js:1:12236)
    at b (http://localhost:3000/_next/static/chunks/90643-4a99605b7043194a.js:1:7243)
    at Object.start (http://localhost:3000/_next/static/chunks/90643-4a99605b7043194a.js:1:7799)
    at h.fetch (http://localhost:3000/_next/static/chunks/22454-bcd67a340ef9ff26.js:1:13003)
    at #y (http://localhost:3000/_next/static/chunks/22454-bcd67a340ef9ff26.js:1:2735)
    at http://localhost:3000/_next/static/chunks/22454-bcd67a340ef9ff26.js:1:3362 @ http://localhost:3000/_next/static/chunks/70603-f29b3c13d43280d6.js:0
[  161531ms] [ERROR] Failed to load resource: the server responded with a status of 401 (Unauthorized) @ http://localhost:8000/api/v1/notifications/unread-count?include_archived=false:0
[  162537ms] [ERROR] Failed to load resource: net::ERR_CONNECTION_REFUSED @ http://localhost:3000/api/auth/token:0
[  162537ms] [ERROR] Failed to get token for API call TypeError: Failed to fetch
    at o (http://localhost:3000/_next/static/chunks/70603-f29b3c13d43280d6.js:1:16707)
    at G (http://localhost:3000/_next/static/chunks/app/(protected)/layout-684c19d7499aa120.js:1:44580)
    at queryFn (http://localhost:3000/_next/static/chunks/app/(protected)/layout-684c19d7499aa120.js:1:51026)
    at Object.n [as fn] (http://localhost:3000/_next/static/chunks/22454-bcd67a340ef9ff26.js:1:12236)
    at b (http://localhost:3000/_next/static/chunks/90643-4a99605b7043194a.js:1:7243)
    at http://localhost:3000/_next/static/chunks/90643-4a99605b7043194a.js:1:7582 @ http://localhost:3000/_next/static/chunks/70603-f29b3c13d43280d6.js:0
[  162544ms] [ERROR] Failed to load resource: the server responded with a status of 401 (Unauthorized) @ http://localhost:8000/api/v1/notifications/unread-count?include_archived=false:0
[  164547ms] [ERROR] Failed to load resource: net::ERR_CONNECTION_REFUSED @ http://localhost:3000/api/auth/token:0
[  164548ms] [ERROR] Failed to get token for API call TypeError: Failed to fetch
    at o (http://localhost:3000/_next/static/chunks/70603-f29b3c13d43280d6.js:1:16707)
    at G (http://localhost:3000/_next/static/chunks/app/(protected)/layout-684c19d7499aa120.js:1:44580)
    at queryFn (http://localhost:3000/_next/static/chunks/app/(protected)/layout-684c19d7499aa120.js:1:51026)
    at Object.n [as fn] (http://localhost:3000/_next/static/chunks/22454-bcd67a340ef9ff26.js:1:12236)
    at b (http://localhost:3000/_next/static/chunks/90643-4a99605b7043194a.js:1:7243)
    at http://localhost:3000/_next/static/chunks/90643-4a99605b7043194a.js:1:7582 @ http://localhost:3000/_next/static/chunks/70603-f29b3c13d43280d6.js:0
[  164551ms] [ERROR] Failed to load resource: the server responded with a status of 401 (Unauthorized) @ http://localhost:8000/api/v1/notifications/unread-count?include_archived=false:0
[  168557ms] [ERROR] Failed to load resource: net::ERR_CONNECTION_REFUSED @ http://localhost:3000/api/auth/token:0
[  168557ms] [ERROR] Failed to get token for API call TypeError: Failed to fetch
    at o (http://localhost:3000/_next/static/chunks/70603-f29b3c13d43280d6.js:1:16707)
    at G (http://localhost:3000/_next/static/chunks/app/(protected)/layout-684c19d7499aa120.js:1:44580)
    at queryFn (http://localhost:3000/_next/static/chunks/app/(protected)/layout-684c19d7499aa120.js:1:51026)
    at Object.n [as fn] (http://localhost:3000/_next/static/chunks/22454-bcd67a340ef9ff26.js:1:12236)
    at b (http://localhost:3000/_next/static/chunks/90643-4a99605b7043194a.js:1:7243)
    at http://localhost:3000/_next/static/chunks/90643-4a99605b7043194a.js:1:7582 @ http://localhost:3000/_next/static/chunks/70603-f29b3c13d43280d6.js:0
[  168564ms] [ERROR] Failed to load resource: the server responded with a status of 401 (Unauthorized) @ http://localhost:8000/api/v1/notifications/unread-count?include_archived=false:0
[  178569ms] [ERROR] Failed to load resource: net::ERR_CONNECTION_REFUSED @ http://localhost:3000/api/auth/token:0
[  178569ms] [ERROR] Failed to get token for API call TypeError: Failed to fetch
    at o (http://localhost:3000/_next/static/chunks/70603-f29b3c13d43280d6.js:1:16707)
    at G (http://localhost:3000/_next/static/chunks/app/(protected)/layout-684c19d7499aa120.js:1:44580)
    at queryFn (http://localhost:3000/_next/static/chunks/app/(protected)/layout-684c19d7499aa120.js:1:51026)
    at Object.n [as fn] (http://localhost:3000/_next/static/chunks/22454-bcd67a340ef9ff26.js:1:12236)
    at b (http://localhost:3000/_next/static/chunks/90643-4a99605b7043194a.js:1:7243)
    at Object.start (http://localhost:3000/_next/static/chunks/90643-4a99605b7043194a.js:1:7799)
    at h.fetch (http://localhost:3000/_next/static/chunks/22454-bcd67a340ef9ff26.js:1:13003)
    at #y (http://localhost:3000/_next/static/chunks/22454-bcd67a340ef9ff26.js:1:2735)
    at http://localhost:3000/_next/static/chunks/22454-bcd67a340ef9ff26.js:1:3362 @ http://localhost:3000/_next/static/chunks/70603-f29b3c13d43280d6.js:0
[  178576ms] [ERROR] Failed to load resource: the server responded with a status of 401 (Unauthorized) @ http://localhost:8000/api/v1/notifications/unread-count?include_archived=false:0
[  179579ms] [ERROR] Failed to load resource: net::ERR_CONNECTION_REFUSED @ http://localhost:3000/api/auth/token:0
[  179579ms] [ERROR] Failed to get token for API call TypeError: Failed to fetch
    at o (http://localhost:3000/_next/static/chunks/70603-f29b3c13d43280d6.js:1:16707)
    at G (http://localhost:3000/_next/static/chunks/app/(protected)/layout-684c19d7499aa120.js:1:44580)
    at queryFn (http://localhost:3000/_next/static/chunks/app/(protected)/layout-684c19d7499aa120.js:1:51026)
    at Object.n [as fn] (http://localhost:3000/_next/static/chunks/22454-bcd67a340ef9ff26.js:1:12236)
    at b (http://localhost:3000/_next/static/chunks/90643-4a99605b7043194a.js:1:7243)
    at http://localhost:3000/_next/static/chunks/90643-4a99605b7043194a.js:1:7582 @ http://localhost:3000/_next/static/chunks/70603-f29b3c13d43280d6.js:0
[  179582ms] [ERROR] Failed to load resource: the server responded with a status of 401 (Unauthorized) @ http://localhost:8000/api/v1/notifications/unread-count?include_archived=false:0
[  181591ms] [ERROR] Failed to load resource: net::ERR_CONNECTION_REFUSED @ http://localhost:3000/api/auth/token:0
[  181591ms] [ERROR] Failed to get token for API call TypeError: Failed to fetch
    at o (http://localhost:3000/_next/static/chunks/70603-f29b3c13d43280d6.js:1:16707)
    at G (http://localhost:3000/_next/static/chunks/app/(protected)/layout-684c19d7499aa120.js:1:44580)
    at queryFn (http://localhost:3000/_next/static/chunks/app/(protected)/layout-684c19d7499aa120.js:1:51026)
    at Object.n [as fn] (http://localhost:3000/_next/static/chunks/22454-bcd67a340ef9ff26.js:1:12236)
    at b (http://localhost:3000/_next/static/chunks/90643-4a99605b7043194a.js:1:7243)
    at http://localhost:3000/_next/static/chunks/90643-4a99605b7043194a.js:1:7582 @ http://localhost:3000/_next/static/chunks/70603-f29b3c13d43280d6.js:0
[  181604ms] [ERROR] Failed to load resource: the server responded with a status of 401 (Unauthorized) @ http://localhost:8000/api/v1/notifications/unread-count?include_archived=false:0
[  185609ms] [ERROR] Failed to load resource: net::ERR_CONNECTION_REFUSED @ http://localhost:3000/api/auth/token:0
[  185609ms] [ERROR] Failed to get token for API call TypeError: Failed to fetch
    at o (http://localhost:3000/_next/static/chunks/70603-f29b3c13d43280d6.js:1:16707)
    at G (http://localhost:3000/_next/static/chunks/app/(protected)/layout-684c19d7499aa120.js:1:44580)
    at queryFn (http://localhost:3000/_next/static/chunks/app/(protected)/layout-684c19d7499aa120.js:1:51026)
    at Object.n [as fn] (http://localhost:3000/_next/static/chunks/22454-bcd67a340ef9ff26.js:1:12236)
    at b (http://localhost:3000/_next/static/chunks/90643-4a99605b7043194a.js:1:7243)
    at http://localhost:3000/_next/static/chunks/90643-4a99605b7043194a.js:1:7582 @ http://localhost:3000/_next/static/chunks/70603-f29b3c13d43280d6.js:0
[  185616ms] [ERROR] Failed to load resource: the server responded with a status of 401 (Unauthorized) @ http://localhost:8000/api/v1/notifications/unread-count?include_archived=false:0
[  195621ms] [ERROR] Failed to load resource: net::ERR_CONNECTION_REFUSED @ http://localhost:3000/api/auth/token:0
[  195621ms] [ERROR] Failed to get token for API call TypeError: Failed to fetch
    at o (http://localhost:3000/_next/static/chunks/70603-f29b3c13d43280d6.js:1:16707)
    at G (http://localhost:3000/_next/static/chunks/app/(protected)/layout-684c19d7499aa120.js:1:44580)
    at queryFn (http://localhost:3000/_next/static/chunks/app/(protected)/layout-684c19d7499aa120.js:1:51026)
    at Object.n [as fn] (http://localhost:3000/_next/static/chunks/22454-bcd67a340ef9ff26.js:1:12236)
    at b (http://localhost:3000/_next/static/chunks/90643-4a99605b7043194a.js:1:7243)
    at Object.start (http://localhost:3000/_next/static/chunks/90643-4a99605b7043194a.js:1:7799)
    at h.fetch (http://localhost:3000/_next/static/chunks/22454-bcd67a340ef9ff26.js:1:13003)
    at #y (http://localhost:3000/_next/static/chunks/22454-bcd67a340ef9ff26.js:1:2735)
    at http://localhost:3000/_next/static/chunks/22454-bcd67a340ef9ff26.js:1:3362 @ http://localhost:3000/_next/static/chunks/70603-f29b3c13d43280d6.js:0
[  195628ms] [ERROR] Failed to load resource: the server responded with a status of 401 (Unauthorized) @ http://localhost:8000/api/v1/notifications/unread-count?include_archived=false:0
[  196634ms] [ERROR] Failed to load resource: net::ERR_CONNECTION_REFUSED @ http://localhost:3000/api/auth/token:0
[  196634ms] [ERROR] Failed to get token for API call TypeError: Failed to fetch
    at o (http://localhost:3000/_next/static/chunks/70603-f29b3c13d43280d6.js:1:16707)
    at G (http://localhost:3000/_next/static/chunks/app/(protected)/layout-684c19d7499aa120.js:1:44580)
    at queryFn (http://localhost:3000/_next/static/chunks/app/(protected)/layout-684c19d7499aa120.js:1:51026)
    at Object.n [as fn] (http://localhost:3000/_next/static/chunks/22454-bcd67a340ef9ff26.js:1:12236)
    at b (http://localhost:3000/_next/static/chunks/90643-4a99605b7043194a.js:1:7243)
    at http://localhost:3000/_next/static/chunks/90643-4a99605b7043194a.js:1:7582 @ http://localhost:3000/_next/static/chunks/70603-f29b3c13d43280d6.js:0
[  196643ms] [ERROR] Failed to load resource: the server responded with a status of 401 (Unauthorized) @ http://localhost:8000/api/v1/notifications/unread-count?include_archived=false:0
[  198647ms] [ERROR] Failed to load resource: net::ERR_CONNECTION_REFUSED @ http://localhost:3000/api/auth/token:0
[  198647ms] [ERROR] Failed to get token for API call TypeError: Failed to fetch
    at o (http://localhost:3000/_next/static/chunks/70603-f29b3c13d43280d6.js:1:16707)
    at G (http://localhost:3000/_next/static/chunks/app/(protected)/layout-684c19d7499aa120.js:1:44580)
    at queryFn (http://localhost:3000/_next/static/chunks/app/(protected)/layout-684c19d7499aa120.js:1:51026)
    at Object.n [as fn] (http://localhost:3000/_next/static/chunks/22454-bcd67a340ef9ff26.js:1:12236)
    at b (http://localhost:3000/_next/static/chunks/90643-4a99605b7043194a.js:1:7243)
    at http://localhost:3000/_next/static/chunks/90643-4a99605b7043194a.js:1:7582 @ http://localhost:3000/_next/static/chunks/70603-f29b3c13d43280d6.js:0
[  198654ms] [ERROR] Failed to load resource: the server responded with a status of 401 (Unauthorized) @ http://localhost:8000/api/v1/notifications/unread-count?include_archived=false:0
[  202658ms] [ERROR] Failed to load resource: net::ERR_CONNECTION_REFUSED @ http://localhost:3000/api/auth/token:0
[  202659ms] [ERROR] Failed to get token for API call TypeError: Failed to fetch
    at o (http://localhost:3000/_next/static/chunks/70603-f29b3c13d43280d6.js:1:16707)
    at G (http://localhost:3000/_next/static/chunks/app/(protected)/layout-684c19d7499aa120.js:1:44580)
    at queryFn (http://localhost:3000/_next/static/chunks/app/(protected)/layout-684c19d7499aa120.js:1:51026)
    at Object.n [as fn] (http://localhost:3000/_next/static/chunks/22454-bcd67a340ef9ff26.js:1:12236)
    at b (http://localhost:3000/_next/static/chunks/90643-4a99605b7043194a.js:1:7243)
    at http://localhost:3000/_next/static/chunks/90643-4a99605b7043194a.js:1:7582 @ http://localhost:3000/_next/static/chunks/70603-f29b3c13d43280d6.js:0
[  202666ms] [ERROR] Failed to load resource: the server responded with a status of 401 (Unauthorized) @ http://localhost:8000/api/v1/notifications/unread-count?include_archived=false:0
[  212674ms] [ERROR] Failed to load resource: net::ERR_CONNECTION_REFUSED @ http://localhost:3000/api/auth/token:0
[  212675ms] [ERROR] Failed to get token for API call TypeError: Failed to fetch
    at o (http://localhost:3000/_next/static/chunks/70603-f29b3c13d43280d6.js:1:16707)
    at G (http://localhost:3000/_next/static/chunks/app/(protected)/layout-684c19d7499aa120.js:1:44580)
    at queryFn (http://localhost:3000/_next/static/chunks/app/(protected)/layout-684c19d7499aa120.js:1:51026)
    at Object.n [as fn] (http://localhost:3000/_next/static/chunks/22454-bcd67a340ef9ff26.js:1:12236)
    at b (http://localhost:3000/_next/static/chunks/90643-4a99605b7043194a.js:1:7243)
    at Object.start (http://localhost:3000/_next/static/chunks/90643-4a99605b7043194a.js:1:7799)
    at h.fetch (http://localhost:3000/_next/static/chunks/22454-bcd67a340ef9ff26.js:1:13003)
    at #y (http://localhost:3000/_next/static/chunks/22454-bcd67a340ef9ff26.js:1:2735)
    at http://localhost:3000/_next/static/chunks/22454-bcd67a340ef9ff26.js:1:3362 @ http://localhost:3000/_next/static/chunks/70603-f29b3c13d43280d6.js:0
[  212697ms] [ERROR] Failed to load resource: the server responded with a status of 401 (Unauthorized) @ http://localhost:8000/api/v1/notifications/unread-count?include_archived=false:0
[  213701ms] [ERROR] Failed to load resource: net::ERR_CONNECTION_REFUSED @ http://localhost:3000/api/auth/token:0
[  213701ms] [ERROR] Failed to get token for API call TypeError: Failed to fetch
    at o (http://localhost:3000/_next/static/chunks/70603-f29b3c13d43280d6.js:1:16707)
    at G (http://localhost:3000/_next/static/chunks/app/(protected)/layout-684c19d7499aa120.js:1:44580)
    at queryFn (http://localhost:3000/_next/static/chunks/app/(protected)/layout-684c19d7499aa120.js:1:51026)
    at Object.n [as fn] (http://localhost:3000/_next/static/chunks/22454-bcd67a340ef9ff26.js:1:12236)
    at b (http://localhost:3000/_next/static/chunks/90643-4a99605b7043194a.js:1:7243)
    at http://localhost:3000/_next/static/chunks/90643-4a99605b7043194a.js:1:7582 @ http://localhost:3000/_next/static/chunks/70603-f29b3c13d43280d6.js:0
[  213707ms] [ERROR] Failed to load resource: the server responded with a status of 401 (Unauthorized) @ http://localhost:8000/api/v1/notifications/unread-count?include_archived=false:0
[  215711ms] [ERROR] Failed to load resource: net::ERR_CONNECTION_REFUSED @ http://localhost:3000/api/auth/token:0
[  215711ms] [ERROR] Failed to get token for API call TypeError: Failed to fetch
    at o (http://localhost:3000/_next/static/chunks/70603-f29b3c13d43280d6.js:1:16707)
    at G (http://localhost:3000/_next/static/chunks/app/(protected)/layout-684c19d7499aa120.js:1:44580)
    at queryFn (http://localhost:3000/_next/static/chunks/app/(protected)/layout-684c19d7499aa120.js:1:51026)
    at Object.n [as fn] (http://localhost:3000/_next/static/chunks/22454-bcd67a340ef9ff26.js:1:12236)
    at b (http://localhost:3000/_next/static/chunks/90643-4a99605b7043194a.js:1:7243)
    at http://localhost:3000/_next/static/chunks/90643-4a99605b7043194a.js:1:7582 @ http://localhost:3000/_next/static/chunks/70603-f29b3c13d43280d6.js:0
[  215716ms] [ERROR] Failed to load resource: the server responded with a status of 401 (Unauthorized) @ http://localhost:8000/api/v1/notifications/unread-count?include_archived=false:0
[  219721ms] [ERROR] Failed to load resource: net::ERR_CONNECTION_REFUSED @ http://localhost:3000/api/auth/token:0
[  219721ms] [ERROR] Failed to get token for API call TypeError: Failed to fetch
    at o (http://localhost:3000/_next/static/chunks/70603-f29b3c13d43280d6.js:1:16707)
    at G (http://localhost:3000/_next/static/chunks/app/(protected)/layout-684c19d7499aa120.js:1:44580)
    at queryFn (http://localhost:3000/_next/static/chunks/app/(protected)/layout-684c19d7499aa120.js:1:51026)
    at Object.n [as fn] (http://localhost:3000/_next/static/chunks/22454-bcd67a340ef9ff26.js:1:12236)
    at b (http://localhost:3000/_next/static/chunks/90643-4a99605b7043194a.js:1:7243)
    at http://localhost:3000/_next/static/chunks/90643-4a99605b7043194a.js:1:7582 @ http://localhost:3000/_next/static/chunks/70603-f29b3c13d43280d6.js:0
[  219728ms] [ERROR] Failed to load resource: the server responded with a status of 401 (Unauthorized) @ http://localhost:8000/api/v1/notifications/unread-count?include_archived=false:0
[  229735ms] [ERROR] Failed to load resource: net::ERR_CONNECTION_REFUSED @ http://localhost:3000/api/auth/token:0
[  229736ms] [ERROR] Failed to get token for API call TypeError: Failed to fetch
    at o (http://localhost:3000/_next/static/chunks/70603-f29b3c13d43280d6.js:1:16707)
    at G (http://localhost:3000/_next/static/chunks/app/(protected)/layout-684c19d7499aa120.js:1:44580)
    at queryFn (http://localhost:3000/_next/static/chunks/app/(protected)/layout-684c19d7499aa120.js:1:51026)
    at Object.n [as fn] (http://localhost:3000/_next/static/chunks/22454-bcd67a340ef9ff26.js:1:12236)
    at b (http://localhost:3000/_next/static/chunks/90643-4a99605b7043194a.js:1:7243)
    at Object.start (http://localhost:3000/_next/static/chunks/90643-4a99605b7043194a.js:1:7799)
    at h.fetch (http://localhost:3000/_next/static/chunks/22454-bcd67a340ef9ff26.js:1:13003)
    at #y (http://localhost:3000/_next/static/chunks/22454-bcd67a340ef9ff26.js:1:2735)
    at http://localhost:3000/_next/static/chunks/22454-bcd67a340ef9ff26.js:1:3362 @ http://localhost:3000/_next/static/chunks/70603-f29b3c13d43280d6.js:0
[  229754ms] [ERROR] Failed to load resource: the server responded with a status of 401 (Unauthorized) @ http://localhost:8000/api/v1/notifications/unread-count?include_archived=false:0
[  230757ms] [ERROR] Failed to load resource: net::ERR_CONNECTION_REFUSED @ http://localhost:3000/api/auth/token:0
[  230757ms] [ERROR] Failed to get token for API call TypeError: Failed to fetch
    at o (http://localhost:3000/_next/static/chunks/70603-f29b3c13d43280d6.js:1:16707)
    at G (http://localhost:3000/_next/static/chunks/app/(protected)/layout-684c19d7499aa120.js:1:44580)
    at queryFn (http://localhost:3000/_next/static/chunks/app/(protected)/layout-684c19d7499aa120.js:1:51026)
    at Object.n [as fn] (http://localhost:3000/_next/static/chunks/22454-bcd67a340ef9ff26.js:1:12236)
    at b (http://localhost:3000/_next/static/chunks/90643-4a99605b7043194a.js:1:7243)
    at http://localhost:3000/_next/static/chunks/90643-4a99605b7043194a.js:1:7582 @ http://localhost:3000/_next/static/chunks/70603-f29b3c13d43280d6.js:0
[  230761ms] [ERROR] Failed to load resource: the server responded with a status of 401 (Unauthorized) @ http://localhost:8000/api/v1/notifications/unread-count?include_archived=false:0
[  232766ms] [ERROR] Failed to load resource: net::ERR_CONNECTION_REFUSED @ http://localhost:3000/api/auth/token:0
[  232766ms] [ERROR] Failed to get token for API call TypeError: Failed to fetch
    at o (http://localhost:3000/_next/static/chunks/70603-f29b3c13d43280d6.js:1:16707)
    at G (http://localhost:3000/_next/static/chunks/app/(protected)/layout-684c19d7499aa120.js:1:44580)
    at queryFn (http://localhost:3000/_next/static/chunks/app/(protected)/layout-684c19d7499aa120.js:1:51026)
    at Object.n [as fn] (http://localhost:3000/_next/static/chunks/22454-bcd67a340ef9ff26.js:1:12236)
    at b (http://localhost:3000/_next/static/chunks/90643-4a99605b7043194a.js:1:7243)
    at http://localhost:3000/_next/static/chunks/90643-4a99605b7043194a.js:1:7582 @ http://localhost:3000/_next/static/chunks/70603-f29b3c13d43280d6.js:0
[  232780ms] [ERROR] Failed to load resource: the server responded with a status of 401 (Unauthorized) @ http://localhost:8000/api/v1/notifications/unread-count?include_archived=false:0
[  236785ms] [ERROR] Failed to load resource: net::ERR_CONNECTION_REFUSED @ http://localhost:3000/api/auth/token:0
[  236785ms] [ERROR] Failed to get token for API call TypeError: Failed to fetch
    at o (http://localhost:3000/_next/static/chunks/70603-f29b3c13d43280d6.js:1:16707)
    at G (http://localhost:3000/_next/static/chunks/app/(protected)/layout-684c19d7499aa120.js:1:44580)
    at queryFn (http://localhost:3000/_next/static/chunks/app/(protected)/layout-684c19d7499aa120.js:1:51026)
    at Object.n [as fn] (http://localhost:3000/_next/static/chunks/22454-bcd67a340ef9ff26.js:1:12236)
    at b (http://localhost:3000/_next/static/chunks/90643-4a99605b7043194a.js:1:7243)
    at http://localhost:3000/_next/static/chunks/90643-4a99605b7043194a.js:1:7582 @ http://localhost:3000/_next/static/chunks/70603-f29b3c13d43280d6.js:0
[  236790ms] [ERROR] Failed to load resource: the server responded with a status of 401 (Unauthorized) @ http://localhost:8000/api/v1/notifications/unread-count?include_archived=false:0
[  246798ms] [ERROR] Failed to load resource: net::ERR_CONNECTION_REFUSED @ http://localhost:3000/api/auth/token:0
[  246799ms] [ERROR] Failed to get token for API call TypeError: Failed to fetch
    at o (http://localhost:3000/_next/static/chunks/70603-f29b3c13d43280d6.js:1:16707)
    at G (http://localhost:3000/_next/static/chunks/app/(protected)/layout-684c19d7499aa120.js:1:44580)
    at queryFn (http://localhost:3000/_next/static/chunks/app/(protected)/layout-684c19d7499aa120.js:1:51026)
    at Object.n [as fn] (http://localhost:3000/_next/static/chunks/22454-bcd67a340ef9ff26.js:1:12236)
    at b (http://localhost:3000/_next/static/chunks/90643-4a99605b7043194a.js:1:7243)
    at Object.start (http://localhost:3000/_next/static/chunks/90643-4a99605b7043194a.js:1:7799)
    at h.fetch (http://localhost:3000/_next/static/chunks/22454-bcd67a340ef9ff26.js:1:13003)
    at #y (http://localhost:3000/_next/static/chunks/22454-bcd67a340ef9ff26.js:1:2735)
    at http://localhost:3000/_next/static/chunks/22454-bcd67a340ef9ff26.js:1:3362 @ http://localhost:3000/_next/static/chunks/70603-f29b3c13d43280d6.js:0
[  246829ms] [ERROR] Failed to load resource: the server responded with a status of 401 (Unauthorized) @ http://localhost:8000/api/v1/notifications/unread-count?include_archived=false:0
[  247834ms] [ERROR] Failed to load resource: net::ERR_CONNECTION_REFUSED @ http://localhost:3000/api/auth/token:0
[  247834ms] [ERROR] Failed to get token for API call TypeError: Failed to fetch
    at o (http://localhost:3000/_next/static/chunks/70603-f29b3c13d43280d6.js:1:16707)
    at G (http://localhost:3000/_next/static/chunks/app/(protected)/layout-684c19d7499aa120.js:1:44580)
    at queryFn (http://localhost:3000/_next/static/chunks/app/(protected)/layout-684c19d7499aa120.js:1:51026)
    at Object.n [as fn] (http://localhost:3000/_next/static/chunks/22454-bcd67a340ef9ff26.js:1:12236)
    at b (http://localhost:3000/_next/static/chunks/90643-4a99605b7043194a.js:1:7243)
    at http://localhost:3000/_next/static/chunks/90643-4a99605b7043194a.js:1:7582 @ http://localhost:3000/_next/static/chunks/70603-f29b3c13d43280d6.js:0
[  247840ms] [ERROR] Failed to load resource: the server responded with a status of 401 (Unauthorized) @ http://localhost:8000/api/v1/notifications/unread-count?include_archived=false:0
[  249845ms] [ERROR] Failed to load resource: net::ERR_CONNECTION_REFUSED @ http://localhost:3000/api/auth/token:0
[  249845ms] [ERROR] Failed to get token for API call TypeError: Failed to fetch
    at o (http://localhost:3000/_next/static/chunks/70603-f29b3c13d43280d6.js:1:16707)
    at G (http://localhost:3000/_next/static/chunks/app/(protected)/layout-684c19d7499aa120.js:1:44580)
    at queryFn (http://localhost:3000/_next/static/chunks/app/(protected)/layout-684c19d7499aa120.js:1:51026)
    at Object.n [as fn] (http://localhost:3000/_next/static/chunks/22454-bcd67a340ef9ff26.js:1:12236)
    at b (http://localhost:3000/_next/static/chunks/90643-4a99605b7043194a.js:1:7243)
    at http://localhost:3000/_next/static/chunks/90643-4a99605b7043194a.js:1:7582 @ http://localhost:3000/_next/static/chunks/70603-f29b3c13d43280d6.js:0
[  249851ms] [ERROR] Failed to load resource: the server responded with a status of 401 (Unauthorized) @ http://localhost:8000/api/v1/notifications/unread-count?include_archived=false:0
[  253857ms] [ERROR] Failed to load resource: net::ERR_CONNECTION_REFUSED @ http://localhost:3000/api/auth/token:0
[  253857ms] [ERROR] Failed to get token for API call TypeError: Failed to fetch
    at o (http://localhost:3000/_next/static/chunks/70603-f29b3c13d43280d6.js:1:16707)
    at G (http://localhost:3000/_next/static/chunks/app/(protected)/layout-684c19d7499aa120.js:1:44580)
    at queryFn (http://localhost:3000/_next/static/chunks/app/(protected)/layout-684c19d7499aa120.js:1:51026)
    at Object.n [as fn] (http://localhost:3000/_next/static/chunks/22454-bcd67a340ef9ff26.js:1:12236)
    at b (http://localhost:3000/_next/static/chunks/90643-4a99605b7043194a.js:1:7243)
    at http://localhost:3000/_next/static/chunks/90643-4a99605b7043194a.js:1:7582 @ http://localhost:3000/_next/static/chunks/70603-f29b3c13d43280d6.js:0
[  253863ms] [ERROR] Failed to load resource: the server responded with a status of 401 (Unauthorized) @ http://localhost:8000/api/v1/notifications/unread-count?include_archived=false:0
[  263871ms] [ERROR] Failed to load resource: net::ERR_CONNECTION_REFUSED @ http://localhost:3000/api/auth/token:0
[  263871ms] [ERROR] Failed to get token for API call TypeError: Failed to fetch
    at o (http://localhost:3000/_next/static/chunks/70603-f29b3c13d43280d6.js:1:16707)
    at G (http://localhost:3000/_next/static/chunks/app/(protected)/layout-684c19d7499aa120.js:1:44580)
    at queryFn (http://localhost:3000/_next/static/chunks/app/(protected)/layout-684c19d7499aa120.js:1:51026)
    at Object.n [as fn] (http://localhost:3000/_next/static/chunks/22454-bcd67a340ef9ff26.js:1:12236)
    at b (http://localhost:3000/_next/static/chunks/90643-4a99605b7043194a.js:1:7243)
    at Object.start (http://localhost:3000/_next/static/chunks/90643-4a99605b7043194a.js:1:7799)
    at h.fetch (http://localhost:3000/_next/static/chunks/22454-bcd67a340ef9ff26.js:1:13003)
    at #y (http://localhost:3000/_next/static/chunks/22454-bcd67a340ef9ff26.js:1:2735)
    at http://localhost:3000/_next/static/chunks/22454-bcd67a340ef9ff26.js:1:3362 @ http://localhost:3000/_next/static/chunks/70603-f29b3c13d43280d6.js:0
[  263892ms] [ERROR] Failed to load resource: the server responded with a status of 401 (Unauthorized) @ http://localhost:8000/api/v1/notifications/unread-count?include_archived=false:0
[  264896ms] [ERROR] Failed to load resource: net::ERR_CONNECTION_REFUSED @ http://localhost:3000/api/auth/token:0
[  264896ms] [ERROR] Failed to get token for API call TypeError: Failed to fetch
    at o (http://localhost:3000/_next/static/chunks/70603-f29b3c13d43280d6.js:1:16707)
    at G (http://localhost:3000/_next/static/chunks/app/(protected)/layout-684c19d7499aa120.js:1:44580)
    at queryFn (http://localhost:3000/_next/static/chunks/app/(protected)/layout-684c19d7499aa120.js:1:51026)
    at Object.n [as fn] (http://localhost:3000/_next/static/chunks/22454-bcd67a340ef9ff26.js:1:12236)
    at b (http://localhost:3000/_next/static/chunks/90643-4a99605b7043194a.js:1:7243)
    at http://localhost:3000/_next/static/chunks/90643-4a99605b7043194a.js:1:7582 @ http://localhost:3000/_next/static/chunks/70603-f29b3c13d43280d6.js:0
[  264898ms] [ERROR] Failed to load resource: the server responded with a status of 401 (Unauthorized) @ http://localhost:8000/api/v1/notifications/unread-count?include_archived=false:0
[  266901ms] [ERROR] Failed to load resource: net::ERR_CONNECTION_REFUSED @ http://localhost:3000/api/auth/token:0
[  266901ms] [ERROR] Failed to get token for API call TypeError: Failed to fetch
    at o (http://localhost:3000/_next/static/chunks/70603-f29b3c13d43280d6.js:1:16707)
    at G (http://localhost:3000/_next/static/chunks/app/(protected)/layout-684c19d7499aa120.js:1:44580)
    at queryFn (http://localhost:3000/_next/static/chunks/app/(protected)/layout-684c19d7499aa120.js:1:51026)
    at Object.n [as fn] (http://localhost:3000/_next/static/chunks/22454-bcd67a340ef9ff26.js:1:12236)
    at b (http://localhost:3000/_next/static/chunks/90643-4a99605b7043194a.js:1:7243)
    at http://localhost:3000/_next/static/chunks/90643-4a99605b7043194a.js:1:7582 @ http://localhost:3000/_next/static/chunks/70603-f29b3c13d43280d6.js:0
[  266904ms] [ERROR] Failed to load resource: the server responded with a status of 401 (Unauthorized) @ http://localhost:8000/api/v1/notifications/unread-count?include_archived=false:0
[  270908ms] [ERROR] Failed to load resource: net::ERR_CONNECTION_REFUSED @ http://localhost:3000/api/auth/token:0
[  270908ms] [ERROR] Failed to get token for API call TypeError: Failed to fetch
    at o (http://localhost:3000/_next/static/chunks/70603-f29b3c13d43280d6.js:1:16707)
    at G (http://localhost:3000/_next/static/chunks/app/(protected)/layout-684c19d7499aa120.js:1:44580)
    at queryFn (http://localhost:3000/_next/static/chunks/app/(protected)/layout-684c19d7499aa120.js:1:51026)
    at Object.n [as fn] (http://localhost:3000/_next/static/chunks/22454-bcd67a340ef9ff26.js:1:12236)
    at b (http://localhost:3000/_next/static/chunks/90643-4a99605b7043194a.js:1:7243)
    at http://localhost:3000/_next/static/chunks/90643-4a99605b7043194a.js:1:7582 @ http://localhost:3000/_next/static/chunks/70603-f29b3c13d43280d6.js:0
[  270911ms] [ERROR] Failed to load resource: the server responded with a status of 401 (Unauthorized) @ http://localhost:8000/api/v1/notifications/unread-count?include_archived=false:0
[  280915ms] [ERROR] Failed to load resource: net::ERR_CONNECTION_REFUSED @ http://localhost:3000/api/auth/token:0
[  280915ms] [ERROR] Failed to get token for API call TypeError: Failed to fetch
    at o (http://localhost:3000/_next/static/chunks/70603-f29b3c13d43280d6.js:1:16707)
    at G (http://localhost:3000/_next/static/chunks/app/(protected)/layout-684c19d7499aa120.js:1:44580)
    at queryFn (http://localhost:3000/_next/static/chunks/app/(protected)/layout-684c19d7499aa120.js:1:51026)
    at Object.n [as fn] (http://localhost:3000/_next/static/chunks/22454-bcd67a340ef9ff26.js:1:12236)
    at b (http://localhost:3000/_next/static/chunks/90643-4a99605b7043194a.js:1:7243)
    at Object.start (http://localhost:3000/_next/static/chunks/90643-4a99605b7043194a.js:1:7799)
    at h.fetch (http://localhost:3000/_next/static/chunks/22454-bcd67a340ef9ff26.js:1:13003)
    at #y (http://localhost:3000/_next/static/chunks/22454-bcd67a340ef9ff26.js:1:2735)
    at http://localhost:3000/_next/static/chunks/22454-bcd67a340ef9ff26.js:1:3362 @ http://localhost:3000/_next/static/chunks/70603-f29b3c13d43280d6.js:0
[  280944ms] [ERROR] Failed to load resource: the server responded with a status of 401 (Unauthorized) @ http://localhost:8000/api/v1/notifications/unread-count?include_archived=false:0
[  281948ms] [ERROR] Failed to load resource: net::ERR_CONNECTION_REFUSED @ http://localhost:3000/api/auth/token:0
[  281949ms] [ERROR] Failed to get token for API call TypeError: Failed to fetch
    at o (http://localhost:3000/_next/static/chunks/70603-f29b3c13d43280d6.js:1:16707)
    at G (http://localhost:3000/_next/static/chunks/app/(protected)/layout-684c19d7499aa120.js:1:44580)
    at queryFn (http://localhost:3000/_next/static/chunks/app/(protected)/layout-684c19d7499aa120.js:1:51026)
    at Object.n [as fn] (http://localhost:3000/_next/static/chunks/22454-bcd67a340ef9ff26.js:1:12236)
    at b (http://localhost:3000/_next/static/chunks/90643-4a99605b7043194a.js:1:7243)
    at http://localhost:3000/_next/static/chunks/90643-4a99605b7043194a.js:1:7582 @ http://localhost:3000/_next/static/chunks/70603-f29b3c13d43280d6.js:0
[  281954ms] [ERROR] Failed to load resource: the server responded with a status of 401 (Unauthorized) @ http://localhost:8000/api/v1/notifications/unread-count?include_archived=false:0
[  283958ms] [ERROR] Failed to load resource: net::ERR_CONNECTION_REFUSED @ http://localhost:3000/api/auth/token:0
[  283958ms] [ERROR] Failed to get token for API call TypeError: Failed to fetch
    at o (http://localhost:3000/_next/static/chunks/70603-f29b3c13d43280d6.js:1:16707)
    at G (http://localhost:3000/_next/static/chunks/app/(protected)/layout-684c19d7499aa120.js:1:44580)
    at queryFn (http://localhost:3000/_next/static/chunks/app/(protected)/layout-684c19d7499aa120.js:1:51026)
    at Object.n [as fn] (http://localhost:3000/_next/static/chunks/22454-bcd67a340ef9ff26.js:1:12236)
    at b (http://localhost:3000/_next/static/chunks/90643-4a99605b7043194a.js:1:7243)
    at http://localhost:3000/_next/static/chunks/90643-4a99605b7043194a.js:1:7582 @ http://localhost:3000/_next/static/chunks/70603-f29b3c13d43280d6.js:0
[  283964ms] [ERROR] Failed to load resource: the server responded with a status of 401 (Unauthorized) @ http://localhost:8000/api/v1/notifications/unread-count?include_archived=false:0
[  287968ms] [ERROR] Failed to load resource: net::ERR_CONNECTION_REFUSED @ http://localhost:3000/api/auth/token:0
[  287968ms] [ERROR] Failed to get token for API call TypeError: Failed to fetch
    at o (http://localhost:3000/_next/static/chunks/70603-f29b3c13d43280d6.js:1:16707)
    at G (http://localhost:3000/_next/static/chunks/app/(protected)/layout-684c19d7499aa120.js:1:44580)
    at queryFn (http://localhost:3000/_next/static/chunks/app/(protected)/layout-684c19d7499aa120.js:1:51026)
    at Object.n [as fn] (http://localhost:3000/_next/static/chunks/22454-bcd67a340ef9ff26.js:1:12236)
    at b (http://localhost:3000/_next/static/chunks/90643-4a99605b7043194a.js:1:7243)
    at http://localhost:3000/_next/static/chunks/90643-4a99605b7043194a.js:1:7582 @ http://localhost:3000/_next/static/chunks/70603-f29b3c13d43280d6.js:0
[  287974ms] [ERROR] Failed to load resource: the server responded with a status of 401 (Unauthorized) @ http://localhost:8000/api/v1/notifications/unread-count?include_archived=false:0
[  297978ms] [ERROR] Failed to load resource: net::ERR_CONNECTION_REFUSED @ http://localhost:3000/api/auth/token:0
[  297978ms] [ERROR] Failed to get token for API call TypeError: Failed to fetch
    at o (http://localhost:3000/_next/static/chunks/70603-f29b3c13d43280d6.js:1:16707)
    at G (http://localhost:3000/_next/static/chunks/app/(protected)/layout-684c19d7499aa120.js:1:44580)
    at queryFn (http://localhost:3000/_next/static/chunks/app/(protected)/layout-684c19d7499aa120.js:1:51026)
    at Object.n [as fn] (http://localhost:3000/_next/static/chunks/22454-bcd67a340ef9ff26.js:1:12236)
    at b (http://localhost:3000/_next/static/chunks/90643-4a99605b7043194a.js:1:7243)
    at Object.start (http://localhost:3000/_next/static/chunks/90643-4a99605b7043194a.js:1:7799)
    at h.fetch (http://localhost:3000/_next/static/chunks/22454-bcd67a340ef9ff26.js:1:13003)
    at #y (http://localhost:3000/_next/static/chunks/22454-bcd67a340ef9ff26.js:1:2735)
    at http://localhost:3000/_next/static/chunks/22454-bcd67a340ef9ff26.js:1:3362 @ http://localhost:3000/_next/static/chunks/70603-f29b3c13d43280d6.js:0
[  297983ms] [ERROR] Failed to load resource: the server responded with a status of 401 (Unauthorized) @ http://localhost:8000/api/v1/notifications/unread-count?include_archived=false:0
[  298985ms] [ERROR] Failed to load resource: net::ERR_CONNECTION_REFUSED @ http://localhost:3000/api/auth/token:0
[  298985ms] [ERROR] Failed to get token for API call TypeError: Failed to fetch
    at o (http://localhost:3000/_next/static/chunks/70603-f29b3c13d43280d6.js:1:16707)
    at G (http://localhost:3000/_next/static/chunks/app/(protected)/layout-684c19d7499aa120.js:1:44580)
    at queryFn (http://localhost:3000/_next/static/chunks/app/(protected)/layout-684c19d7499aa120.js:1:51026)
    at Object.n [as fn] (http://localhost:3000/_next/static/chunks/22454-bcd67a340ef9ff26.js:1:12236)
    at b (http://localhost:3000/_next/static/chunks/90643-4a99605b7043194a.js:1:7243)
    at http://localhost:3000/_next/static/chunks/90643-4a99605b7043194a.js:1:7582 @ http://localhost:3000/_next/static/chunks/70603-f29b3c13d43280d6.js:0
[  298987ms] [ERROR] Failed to load resource: the server responded with a status of 401 (Unauthorized) @ http://localhost:8000/api/v1/notifications/unread-count?include_archived=false:0
[  300991ms] [ERROR] Failed to load resource: net::ERR_CONNECTION_REFUSED @ http://localhost:3000/api/auth/token:0
[  300991ms] [ERROR] Failed to get token for API call TypeError: Failed to fetch
    at o (http://localhost:3000/_next/static/chunks/70603-f29b3c13d43280d6.js:1:16707)
    at G (http://localhost:3000/_next/static/chunks/app/(protected)/layout-684c19d7499aa120.js:1:44580)
    at queryFn (http://localhost:3000/_next/static/chunks/app/(protected)/layout-684c19d7499aa120.js:1:51026)
    at Object.n [as fn] (http://localhost:3000/_next/static/chunks/22454-bcd67a340ef9ff26.js:1:12236)
    at b (http://localhost:3000/_next/static/chunks/90643-4a99605b7043194a.js:1:7243)
    at http://localhost:3000/_next/static/chunks/90643-4a99605b7043194a.js:1:7582 @ http://localhost:3000/_next/static/chunks/70603-f29b3c13d43280d6.js:0
[  300995ms] [ERROR] Failed to load resource: the server responded with a status of 401 (Unauthorized) @ http://localhost:8000/api/v1/notifications/unread-count?include_archived=false:0
[  304999ms] [ERROR] Failed to load resource: net::ERR_CONNECTION_REFUSED @ http://localhost:3000/api/auth/token:0
[  304999ms] [ERROR] Failed to get token for API call TypeError: Failed to fetch
    at o (http://localhost:3000/_next/static/chunks/70603-f29b3c13d43280d6.js:1:16707)
    at G (http://localhost:3000/_next/static/chunks/app/(protected)/layout-684c19d7499aa120.js:1:44580)
    at queryFn (http://localhost:3000/_next/static/chunks/app/(protected)/layout-684c19d7499aa120.js:1:51026)
    at Object.n [as fn] (http://localhost:3000/_next/static/chunks/22454-bcd67a340ef9ff26.js:1:12236)
    at b (http://localhost:3000/_next/static/chunks/90643-4a99605b7043194a.js:1:7243)
    at http://localhost:3000/_next/static/chunks/90643-4a99605b7043194a.js:1:7582 @ http://localhost:3000/_next/static/chunks/70603-f29b3c13d43280d6.js:0
[  305006ms] [ERROR] Failed to load resource: the server responded with a status of 401 (Unauthorized) @ http://localhost:8000/api/v1/notifications/unread-count?include_archived=false:0
[  315011ms] [ERROR] Failed to load resource: net::ERR_CONNECTION_REFUSED @ http://localhost:3000/api/auth/token:0
[  315011ms] [ERROR] Failed to get token for API call TypeError: Failed to fetch
    at o (http://localhost:3000/_next/static/chunks/70603-f29b3c13d43280d6.js:1:16707)
    at G (http://localhost:3000/_next/static/chunks/app/(protected)/layout-684c19d7499aa120.js:1:44580)
    at queryFn (http://localhost:3000/_next/static/chunks/app/(protected)/layout-684c19d7499aa120.js:1:51026)
    at Object.n [as fn] (http://localhost:3000/_next/static/chunks/22454-bcd67a340ef9ff26.js:1:12236)
    at b (http://localhost:3000/_next/static/chunks/90643-4a99605b7043194a.js:1:7243)
    at Object.start (http://localhost:3000/_next/static/chunks/90643-4a99605b7043194a.js:1:7799)
    at h.fetch (http://localhost:3000/_next/static/chunks/22454-bcd67a340ef9ff26.js:1:13003)
    at #y (http://localhost:3000/_next/static/chunks/22454-bcd67a340ef9ff26.js:1:2735)
    at http://localhost:3000/_next/static/chunks/22454-bcd67a340ef9ff26.js:1:3362 @ http://localhost:3000/_next/static/chunks/70603-f29b3c13d43280d6.js:0
[  315028ms] [ERROR] Failed to load resource: the server responded with a status of 401 (Unauthorized) @ http://localhost:8000/api/v1/notifications/unread-count?include_archived=false:0
[  316033ms] [ERROR] Failed to load resource: net::ERR_CONNECTION_REFUSED @ http://localhost:3000/api/auth/token:0
[  316033ms] [ERROR] Failed to get token for API call TypeError: Failed to fetch
    at o (http://localhost:3000/_next/static/chunks/70603-f29b3c13d43280d6.js:1:16707)
    at G (http://localhost:3000/_next/static/chunks/app/(protected)/layout-684c19d7499aa120.js:1:44580)
    at queryFn (http://localhost:3000/_next/static/chunks/app/(protected)/layout-684c19d7499aa120.js:1:51026)
    at Object.n [as fn] (http://localhost:3000/_next/static/chunks/22454-bcd67a340ef9ff26.js:1:12236)
    at b (http://localhost:3000/_next/static/chunks/90643-4a99605b7043194a.js:1:7243)
    at http://localhost:3000/_next/static/chunks/90643-4a99605b7043194a.js:1:7582 @ http://localhost:3000/_next/static/chunks/70603-f29b3c13d43280d6.js:0
[  316037ms] [ERROR] Failed to load resource: the server responded with a status of 401 (Unauthorized) @ http://localhost:8000/api/v1/notifications/unread-count?include_archived=false:0
[  318041ms] [ERROR] Failed to load resource: net::ERR_CONNECTION_REFUSED @ http://localhost:3000/api/auth/token:0
[  318041ms] [ERROR] Failed to get token for API call TypeError: Failed to fetch
    at o (http://localhost:3000/_next/static/chunks/70603-f29b3c13d43280d6.js:1:16707)
    at G (http://localhost:3000/_next/static/chunks/app/(protected)/layout-684c19d7499aa120.js:1:44580)
    at queryFn (http://localhost:3000/_next/static/chunks/app/(protected)/layout-684c19d7499aa120.js:1:51026)
    at Object.n [as fn] (http://localhost:3000/_next/static/chunks/22454-bcd67a340ef9ff26.js:1:12236)
    at b (http://localhost:3000/_next/static/chunks/90643-4a99605b7043194a.js:1:7243)
    at http://localhost:3000/_next/static/chunks/90643-4a99605b7043194a.js:1:7582 @ http://localhost:3000/_next/static/chunks/70603-f29b3c13d43280d6.js:0
[  318048ms] [ERROR] Failed to load resource: the server responded with a status of 401 (Unauthorized) @ http://localhost:8000/api/v1/notifications/unread-count?include_archived=false:0
[  322051ms] [ERROR] Failed to load resource: net::ERR_CONNECTION_REFUSED @ http://localhost:3000/api/auth/token:0
[  322051ms] [ERROR] Failed to get token for API call TypeError: Failed to fetch
    at o (http://localhost:3000/_next/static/chunks/70603-f29b3c13d43280d6.js:1:16707)
    at G (http://localhost:3000/_next/static/chunks/app/(protected)/layout-684c19d7499aa120.js:1:44580)
    at queryFn (http://localhost:3000/_next/static/chunks/app/(protected)/layout-684c19d7499aa120.js:1:51026)
    at Object.n [as fn] (http://localhost:3000/_next/static/chunks/22454-bcd67a340ef9ff26.js:1:12236)
    at b (http://localhost:3000/_next/static/chunks/90643-4a99605b7043194a.js:1:7243)
    at http://localhost:3000/_next/static/chunks/90643-4a99605b7043194a.js:1:7582 @ http://localhost:3000/_next/static/chunks/70603-f29b3c13d43280d6.js:0
[  322056ms] [ERROR] Failed to load resource: the server responded with a status of 401 (Unauthorized) @ http://localhost:8000/api/v1/notifications/unread-count?include_archived=false:0
[  332063ms] [ERROR] Failed to load resource: net::ERR_CONNECTION_REFUSED @ http://localhost:3000/api/auth/token:0
[  332063ms] [ERROR] Failed to get token for API call TypeError: Failed to fetch
    at o (http://localhost:3000/_next/static/chunks/70603-f29b3c13d43280d6.js:1:16707)
    at G (http://localhost:3000/_next/static/chunks/app/(protected)/layout-684c19d7499aa120.js:1:44580)
    at queryFn (http://localhost:3000/_next/static/chunks/app/(protected)/layout-684c19d7499aa120.js:1:51026)
    at Object.n [as fn] (http://localhost:3000/_next/static/chunks/22454-bcd67a340ef9ff26.js:1:12236)
    at b (http://localhost:3000/_next/static/chunks/90643-4a99605b7043194a.js:1:7243)
    at Object.start (http://localhost:3000/_next/static/chunks/90643-4a99605b7043194a.js:1:7799)
    at h.fetch (http://localhost:3000/_next/static/chunks/22454-bcd67a340ef9ff26.js:1:13003)
    at #y (http://localhost:3000/_next/static/chunks/22454-bcd67a340ef9ff26.js:1:2735)
    at http://localhost:3000/_next/static/chunks/22454-bcd67a340ef9ff26.js:1:3362 @ http://localhost:3000/_next/static/chunks/70603-f29b3c13d43280d6.js:0
[  332078ms] [ERROR] Failed to load resource: the server responded with a status of 401 (Unauthorized) @ http://localhost:8000/api/v1/notifications/unread-count?include_archived=false:0
[  333080ms] [ERROR] Failed to load resource: net::ERR_CONNECTION_REFUSED @ http://localhost:3000/api/auth/token:0
[  333080ms] [ERROR] Failed to get token for API call TypeError: Failed to fetch
    at o (http://localhost:3000/_next/static/chunks/70603-f29b3c13d43280d6.js:1:16707)
    at G (http://localhost:3000/_next/static/chunks/app/(protected)/layout-684c19d7499aa120.js:1:44580)
    at queryFn (http://localhost:3000/_next/static/chunks/app/(protected)/layout-684c19d7499aa120.js:1:51026)
    at Object.n [as fn] (http://localhost:3000/_next/static/chunks/22454-bcd67a340ef9ff26.js:1:12236)
    at b (http://localhost:3000/_next/static/chunks/90643-4a99605b7043194a.js:1:7243)
    at http://localhost:3000/_next/static/chunks/90643-4a99605b7043194a.js:1:7582 @ http://localhost:3000/_next/static/chunks/70603-f29b3c13d43280d6.js:0
[  333084ms] [ERROR] Failed to load resource: the server responded with a status of 401 (Unauthorized) @ http://localhost:8000/api/v1/notifications/unread-count?include_archived=false:0
[  335087ms] [ERROR] Failed to load resource: net::ERR_CONNECTION_REFUSED @ http://localhost:3000/api/auth/token:0
[  335087ms] [ERROR] Failed to get token for API call TypeError: Failed to fetch
    at o (http://localhost:3000/_next/static/chunks/70603-f29b3c13d43280d6.js:1:16707)
    at G (http://localhost:3000/_next/static/chunks/app/(protected)/layout-684c19d7499aa120.js:1:44580)
    at queryFn (http://localhost:3000/_next/static/chunks/app/(protected)/layout-684c19d7499aa120.js:1:51026)
    at Object.n [as fn] (http://localhost:3000/_next/static/chunks/22454-bcd67a340ef9ff26.js:1:12236)
    at b (http://localhost:3000/_next/static/chunks/90643-4a99605b7043194a.js:1:7243)
    at http://localhost:3000/_next/static/chunks/90643-4a99605b7043194a.js:1:7582 @ http://localhost:3000/_next/static/chunks/70603-f29b3c13d43280d6.js:0
[  335089ms] [ERROR] Failed to load resource: the server responded with a status of 401 (Unauthorized) @ http://localhost:8000/api/v1/notifications/unread-count?include_archived=false:0
[  339093ms] [ERROR] Failed to load resource: net::ERR_CONNECTION_REFUSED @ http://localhost:3000/api/auth/token:0
[  339093ms] [ERROR] Failed to get token for API call TypeError: Failed to fetch
    at o (http://localhost:3000/_next/static/chunks/70603-f29b3c13d43280d6.js:1:16707)
    at G (http://localhost:3000/_next/static/chunks/app/(protected)/layout-684c19d7499aa120.js:1:44580)
    at queryFn (http://localhost:3000/_next/static/chunks/app/(protected)/layout-684c19d7499aa120.js:1:51026)
    at Object.n [as fn] (http://localhost:3000/_next/static/chunks/22454-bcd67a340ef9ff26.js:1:12236)
    at b (http://localhost:3000/_next/static/chunks/90643-4a99605b7043194a.js:1:7243)
    at http://localhost:3000/_next/static/chunks/90643-4a99605b7043194a.js:1:7582 @ http://localhost:3000/_next/static/chunks/70603-f29b3c13d43280d6.js:0
[  339099ms] [ERROR] Failed to load resource: the server responded with a status of 401 (Unauthorized) @ http://localhost:8000/api/v1/notifications/unread-count?include_archived=false:0
[  349105ms] [ERROR] Failed to load resource: net::ERR_CONNECTION_REFUSED @ http://localhost:3000/api/auth/token:0
[  349105ms] [ERROR] Failed to get token for API call TypeError: Failed to fetch
    at o (http://localhost:3000/_next/static/chunks/70603-f29b3c13d43280d6.js:1:16707)
    at G (http://localhost:3000/_next/static/chunks/app/(protected)/layout-684c19d7499aa120.js:1:44580)
    at queryFn (http://localhost:3000/_next/static/chunks/app/(protected)/layout-684c19d7499aa120.js:1:51026)
    at Object.n [as fn] (http://localhost:3000/_next/static/chunks/22454-bcd67a340ef9ff26.js:1:12236)
    at b (http://localhost:3000/_next/static/chunks/90643-4a99605b7043194a.js:1:7243)
    at Object.start (http://localhost:3000/_next/static/chunks/90643-4a99605b7043194a.js:1:7799)
    at h.fetch (http://localhost:3000/_next/static/chunks/22454-bcd67a340ef9ff26.js:1:13003)
    at #y (http://localhost:3000/_next/static/chunks/22454-bcd67a340ef9ff26.js:1:2735)
    at http://localhost:3000/_next/static/chunks/22454-bcd67a340ef9ff26.js:1:3362 @ http://localhost:3000/_next/static/chunks/70603-f29b3c13d43280d6.js:0
[  349119ms] [ERROR] Failed to load resource: the server responded with a status of 401 (Unauthorized) @ http://localhost:8000/api/v1/notifications/unread-count?include_archived=false:0
[  350128ms] [ERROR] Failed to load resource: net::ERR_CONNECTION_REFUSED @ http://localhost:3000/api/auth/token:0
[  350128ms] [ERROR] Failed to get token for API call TypeError: Failed to fetch
    at o (http://localhost:3000/_next/static/chunks/70603-f29b3c13d43280d6.js:1:16707)
    at G (http://localhost:3000/_next/static/chunks/app/(protected)/layout-684c19d7499aa120.js:1:44580)
    at queryFn (http://localhost:3000/_next/static/chunks/app/(protected)/layout-684c19d7499aa120.js:1:51026)
    at Object.n [as fn] (http://localhost:3000/_next/static/chunks/22454-bcd67a340ef9ff26.js:1:12236)
    at b (http://localhost:3000/_next/static/chunks/90643-4a99605b7043194a.js:1:7243)
    at http://localhost:3000/_next/static/chunks/90643-4a99605b7043194a.js:1:7582 @ http://localhost:3000/_next/static/chunks/70603-f29b3c13d43280d6.js:0
[  350131ms] [ERROR] Failed to load resource: the server responded with a status of 401 (Unauthorized) @ http://localhost:8000/api/v1/notifications/unread-count?include_archived=false:0
[  352135ms] [ERROR] Failed to load resource: net::ERR_CONNECTION_REFUSED @ http://localhost:3000/api/auth/token:0
[  352135ms] [ERROR] Failed to get token for API call TypeError: Failed to fetch
    at o (http://localhost:3000/_next/static/chunks/70603-f29b3c13d43280d6.js:1:16707)
    at G (http://localhost:3000/_next/static/chunks/app/(protected)/layout-684c19d7499aa120.js:1:44580)
    at queryFn (http://localhost:3000/_next/static/chunks/app/(protected)/layout-684c19d7499aa120.js:1:51026)
    at Object.n [as fn] (http://localhost:3000/_next/static/chunks/22454-bcd67a340ef9ff26.js:1:12236)
    at b (http://localhost:3000/_next/static/chunks/90643-4a99605b7043194a.js:1:7243)
    at http://localhost:3000/_next/static/chunks/90643-4a99605b7043194a.js:1:7582 @ http://localhost:3000/_next/static/chunks/70603-f29b3c13d43280d6.js:0
[  352146ms] [ERROR] Failed to load resource: the server responded with a status of 401 (Unauthorized) @ http://localhost:8000/api/v1/notifications/unread-count?include_archived=false:0
[  356150ms] [ERROR] Failed to load resource: net::ERR_CONNECTION_REFUSED @ http://localhost:3000/api/auth/token:0
[  356150ms] [ERROR] Failed to get token for API call TypeError: Failed to fetch
    at o (http://localhost:3000/_next/static/chunks/70603-f29b3c13d43280d6.js:1:16707)
    at G (http://localhost:3000/_next/static/chunks/app/(protected)/layout-684c19d7499aa120.js:1:44580)
    at queryFn (http://localhost:3000/_next/static/chunks/app/(protected)/layout-684c19d7499aa120.js:1:51026)
    at Object.n [as fn] (http://localhost:3000/_next/static/chunks/22454-bcd67a340ef9ff26.js:1:12236)
    at b (http://localhost:3000/_next/static/chunks/90643-4a99605b7043194a.js:1:7243)
    at http://localhost:3000/_next/static/chunks/90643-4a99605b7043194a.js:1:7582 @ http://localhost:3000/_next/static/chunks/70603-f29b3c13d43280d6.js:0
[  356153ms] [ERROR] Failed to load resource: the server responded with a status of 401 (Unauthorized) @ http://localhost:8000/api/v1/notifications/unread-count?include_archived=false:0
[  366156ms] [ERROR] Failed to load resource: net::ERR_CONNECTION_REFUSED @ http://localhost:3000/api/auth/token:0
[  366156ms] [ERROR] Failed to get token for API call TypeError: Failed to fetch
    at o (http://localhost:3000/_next/static/chunks/70603-f29b3c13d43280d6.js:1:16707)
    at G (http://localhost:3000/_next/static/chunks/app/(protected)/layout-684c19d7499aa120.js:1:44580)
    at queryFn (http://localhost:3000/_next/static/chunks/app/(protected)/layout-684c19d7499aa120.js:1:51026)
    at Object.n [as fn] (http://localhost:3000/_next/static/chunks/22454-bcd67a340ef9ff26.js:1:12236)
    at b (http://localhost:3000/_next/static/chunks/90643-4a99605b7043194a.js:1:7243)
    at Object.start (http://localhost:3000/_next/static/chunks/90643-4a99605b7043194a.js:1:7799)
    at h.fetch (http://localhost:3000/_next/static/chunks/22454-bcd67a340ef9ff26.js:1:13003)
    at #y (http://localhost:3000/_next/static/chunks/22454-bcd67a340ef9ff26.js:1:2735)
    at http://localhost:3000/_next/static/chunks/22454-bcd67a340ef9ff26.js:1:3362 @ http://localhost:3000/_next/static/chunks/70603-f29b3c13d43280d6.js:0
[  366158ms] [ERROR] Failed to load resource: the server responded with a status of 401 (Unauthorized) @ http://localhost:8000/api/v1/notifications/unread-count?include_archived=false:0
[  367162ms] [ERROR] Failed to load resource: net::ERR_CONNECTION_REFUSED @ http://localhost:3000/api/auth/token:0
[  367162ms] [ERROR] Failed to get token for API call TypeError: Failed to fetch
    at o (http://localhost:3000/_next/static/chunks/70603-f29b3c13d43280d6.js:1:16707)
    at G (http://localhost:3000/_next/static/chunks/app/(protected)/layout-684c19d7499aa120.js:1:44580)
    at queryFn (http://localhost:3000/_next/static/chunks/app/(protected)/layout-684c19d7499aa120.js:1:51026)
    at Object.n [as fn] (http://localhost:3000/_next/static/chunks/22454-bcd67a340ef9ff26.js:1:12236)
    at b (http://localhost:3000/_next/static/chunks/90643-4a99605b7043194a.js:1:7243)
    at http://localhost:3000/_next/static/chunks/90643-4a99605b7043194a.js:1:7582 @ http://localhost:3000/_next/static/chunks/70603-f29b3c13d43280d6.js:0
[  367169ms] [ERROR] Failed to load resource: the server responded with a status of 401 (Unauthorized) @ http://localhost:8000/api/v1/notifications/unread-count?include_archived=false:0
[  369173ms] [ERROR] Failed to load resource: net::ERR_CONNECTION_REFUSED @ http://localhost:3000/api/auth/token:0
[  369173ms] [ERROR] Failed to get token for API call TypeError: Failed to fetch
    at o (http://localhost:3000/_next/static/chunks/70603-f29b3c13d43280d6.js:1:16707)
    at G (http://localhost:3000/_next/static/chunks/app/(protected)/layout-684c19d7499aa120.js:1:44580)
    at queryFn (http://localhost:3000/_next/static/chunks/app/(protected)/layout-684c19d7499aa120.js:1:51026)
    at Object.n [as fn] (http://localhost:3000/_next/static/chunks/22454-bcd67a340ef9ff26.js:1:12236)
    at b (http://localhost:3000/_next/static/chunks/90643-4a99605b7043194a.js:1:7243)
    at http://localhost:3000/_next/static/chunks/90643-4a99605b7043194a.js:1:7582 @ http://localhost:3000/_next/static/chunks/70603-f29b3c13d43280d6.js:0
[  369176ms] [ERROR] Failed to load resource: the server responded with a status of 401 (Unauthorized) @ http://localhost:8000/api/v1/notifications/unread-count?include_archived=false:0
[  373180ms] [ERROR] Failed to load resource: net::ERR_CONNECTION_REFUSED @ http://localhost:3000/api/auth/token:0
[  373180ms] [ERROR] Failed to get token for API call TypeError: Failed to fetch
    at o (http://localhost:3000/_next/static/chunks/70603-f29b3c13d43280d6.js:1:16707)
    at G (http://localhost:3000/_next/static/chunks/app/(protected)/layout-684c19d7499aa120.js:1:44580)
    at queryFn (http://localhost:3000/_next/static/chunks/app/(protected)/layout-684c19d7499aa120.js:1:51026)
    at Object.n [as fn] (http://localhost:3000/_next/static/chunks/22454-bcd67a340ef9ff26.js:1:12236)
    at b (http://localhost:3000/_next/static/chunks/90643-4a99605b7043194a.js:1:7243)
    at http://localhost:3000/_next/static/chunks/90643-4a99605b7043194a.js:1:7582 @ http://localhost:3000/_next/static/chunks/70603-f29b3c13d43280d6.js:0
[  373185ms] [ERROR] Failed to load resource: the server responded with a status of 401 (Unauthorized) @ http://localhost:8000/api/v1/notifications/unread-count?include_archived=false:0
[  383190ms] [ERROR] Failed to load resource: net::ERR_CONNECTION_REFUSED @ http://localhost:3000/api/auth/token:0
[  383190ms] [ERROR] Failed to get token for API call TypeError: Failed to fetch
    at o (http://localhost:3000/_next/static/chunks/70603-f29b3c13d43280d6.js:1:16707)
    at G (http://localhost:3000/_next/static/chunks/app/(protected)/layout-684c19d7499aa120.js:1:44580)
    at queryFn (http://localhost:3000/_next/static/chunks/app/(protected)/layout-684c19d7499aa120.js:1:51026)
    at Object.n [as fn] (http://localhost:3000/_next/static/chunks/22454-bcd67a340ef9ff26.js:1:12236)
    at b (http://localhost:3000/_next/static/chunks/90643-4a99605b7043194a.js:1:7243)
    at Object.start (http://localhost:3000/_next/static/chunks/90643-4a99605b7043194a.js:1:7799)
    at h.fetch (http://localhost:3000/_next/static/chunks/22454-bcd67a340ef9ff26.js:1:13003)
    at #y (http://localhost:3000/_next/static/chunks/22454-bcd67a340ef9ff26.js:1:2735)
    at http://localhost:3000/_next/static/chunks/22454-bcd67a340ef9ff26.js:1:3362 @ http://localhost:3000/_next/static/chunks/70603-f29b3c13d43280d6.js:0
[  383197ms] [ERROR] Failed to load resource: the server responded with a status of 401 (Unauthorized) @ http://localhost:8000/api/v1/notifications/unread-count?include_archived=false:0
[  384201ms] [ERROR] Failed to load resource: net::ERR_CONNECTION_REFUSED @ http://localhost:3000/api/auth/token:0
[  384201ms] [ERROR] Failed to get token for API call TypeError: Failed to fetch
    at o (http://localhost:3000/_next/static/chunks/70603-f29b3c13d43280d6.js:1:16707)
    at G (http://localhost:3000/_next/static/chunks/app/(protected)/layout-684c19d7499aa120.js:1:44580)
    at queryFn (http://localhost:3000/_next/static/chunks/app/(protected)/layout-684c19d7499aa120.js:1:51026)
    at Object.n [as fn] (http://localhost:3000/_next/static/chunks/22454-bcd67a340ef9ff26.js:1:12236)
    at b (http://localhost:3000/_next/static/chunks/90643-4a99605b7043194a.js:1:7243)
    at http://localhost:3000/_next/static/chunks/90643-4a99605b7043194a.js:1:7582 @ http://localhost:3000/_next/static/chunks/70603-f29b3c13d43280d6.js:0
[  384204ms] [ERROR] Failed to load resource: the server responded with a status of 401 (Unauthorized) @ http://localhost:8000/api/v1/notifications/unread-count?include_archived=false:0
[  386207ms] [ERROR] Failed to load resource: net::ERR_CONNECTION_REFUSED @ http://localhost:3000/api/auth/token:0
[  386207ms] [ERROR] Failed to get token for API call TypeError: Failed to fetch
    at o (http://localhost:3000/_next/static/chunks/70603-f29b3c13d43280d6.js:1:16707)
    at G (http://localhost:3000/_next/static/chunks/app/(protected)/layout-684c19d7499aa120.js:1:44580)
    at queryFn (http://localhost:3000/_next/static/chunks/app/(protected)/layout-684c19d7499aa120.js:1:51026)
    at Object.n [as fn] (http://localhost:3000/_next/static/chunks/22454-bcd67a340ef9ff26.js:1:12236)
    at b (http://localhost:3000/_next/static/chunks/90643-4a99605b7043194a.js:1:7243)
    at http://localhost:3000/_next/static/chunks/90643-4a99605b7043194a.js:1:7582 @ http://localhost:3000/_next/static/chunks/70603-f29b3c13d43280d6.js:0
[  386211ms] [ERROR] Failed to load resource: the server responded with a status of 401 (Unauthorized) @ http://localhost:8000/api/v1/notifications/unread-count?include_archived=false:0
[  390213ms] [ERROR] Failed to load resource: net::ERR_CONNECTION_REFUSED @ http://localhost:3000/api/auth/token:0
[  390213ms] [ERROR] Failed to get token for API call TypeError: Failed to fetch
    at o (http://localhost:3000/_next/static/chunks/70603-f29b3c13d43280d6.js:1:16707)
    at G (http://localhost:3000/_next/static/chunks/app/(protected)/layout-684c19d7499aa120.js:1:44580)
    at queryFn (http://localhost:3000/_next/static/chunks/app/(protected)/layout-684c19d7499aa120.js:1:51026)
    at Object.n [as fn] (http://localhost:3000/_next/static/chunks/22454-bcd67a340ef9ff26.js:1:12236)
    at b (http://localhost:3000/_next/static/chunks/90643-4a99605b7043194a.js:1:7243)
    at http://localhost:3000/_next/static/chunks/90643-4a99605b7043194a.js:1:7582 @ http://localhost:3000/_next/static/chunks/70603-f29b3c13d43280d6.js:0
[  390216ms] [ERROR] Failed to load resource: the server responded with a status of 401 (Unauthorized) @ http://localhost:8000/api/v1/notifications/unread-count?include_archived=false:0
