[  175679ms] [ERROR] Failed to load resource: net::ERR_CONNECTION_REFUSED @ http://localhost:3000/api/auth/token:0
[  175680ms] [ERROR] Failed to get token for API call TypeError: Failed to fetch
    at s (http://localhost:3000/_next/static/chunks/70603-ec3f04c878f8ed50.js:1:18484)
    at G (http://localhost:3000/_next/static/chunks/app/(protected)/layout-a0d3cc354fe18e68.js:1:39941)
    at queryFn (http://localhost:3000/_next/static/chunks/app/(protected)/layout-a0d3cc354fe18e68.js:1:46387)
    at Object.n [as fn] (http://localhost:3000/_next/static/chunks/22454-bcd67a340ef9ff26.js:1:12236)
    at b (http://localhost:3000/_next/static/chunks/90643-4a99605b7043194a.js:1:7243)
    at Object.start (http://localhost:3000/_next/static/chunks/90643-4a99605b7043194a.js:1:7799)
    at h.fetch (http://localhost:3000/_next/static/chunks/22454-bcd67a340ef9ff26.js:1:13003)
    at #y (http://localhost:3000/_next/static/chunks/22454-bcd67a340ef9ff26.js:1:2735)
    at http://localhost:3000/_next/static/chunks/22454-bcd67a340ef9ff26.js:1:3362 @ http://localhost:3000/_next/static/chunks/70603-ec3f04c878f8ed50.js:0
[  175692ms] [ERROR] Failed to load resource: the server responded with a status of 401 (Unauthorized) @ http://localhost:8000/api/v1/notifications/unread-count?include_archived=false:0
[  176694ms] [ERROR] Failed to load resource: net::ERR_CONNECTION_REFUSED @ http://localhost:3000/api/auth/token:0
[  176694ms] [ERROR] Failed to get token for API call TypeError: Failed to fetch
    at s (http://localhost:3000/_next/static/chunks/70603-ec3f04c878f8ed50.js:1:18484)
    at G (http://localhost:3000/_next/static/chunks/app/(protected)/layout-a0d3cc354fe18e68.js:1:39941)
    at queryFn (http://localhost:3000/_next/static/chunks/app/(protected)/layout-a0d3cc354fe18e68.js:1:46387)
    at Object.n [as fn] (http://localhost:3000/_next/static/chunks/22454-bcd67a340ef9ff26.js:1:12236)
    at b (http://localhost:3000/_next/static/chunks/90643-4a99605b7043194a.js:1:7243)
    at http://localhost:3000/_next/static/chunks/90643-4a99605b7043194a.js:1:7582 @ http://localhost:3000/_next/static/chunks/70603-ec3f04c878f8ed50.js:0
[  176696ms] [ERROR] Failed to load resource: the server responded with a status of 401 (Unauthorized) @ http://localhost:8000/api/v1/notifications/unread-count?include_archived=false:0
[  178699ms] [ERROR] Failed to load resource: net::ERR_CONNECTION_REFUSED @ http://localhost:3000/api/auth/token:0
[  178699ms] [ERROR] Failed to get token for API call TypeError: Failed to fetch
    at s (http://localhost:3000/_next/static/chunks/70603-ec3f04c878f8ed50.js:1:18484)
    at G (http://localhost:3000/_next/static/chunks/app/(protected)/layout-a0d3cc354fe18e68.js:1:39941)
    at queryFn (http://localhost:3000/_next/static/chunks/app/(protected)/layout-a0d3cc354fe18e68.js:1:46387)
    at Object.n [as fn] (http://localhost:3000/_next/static/chunks/22454-bcd67a340ef9ff26.js:1:12236)
    at b (http://localhost:3000/_next/static/chunks/90643-4a99605b7043194a.js:1:7243)
    at http://localhost:3000/_next/static/chunks/90643-4a99605b7043194a.js:1:7582 @ http://localhost:3000/_next/static/chunks/70603-ec3f04c878f8ed50.js:0
[  178700ms] [ERROR] Failed to load resource: the server responded with a status of 401 (Unauthorized) @ http://localhost:8000/api/v1/notifications/unread-count?include_archived=false:0
[  182702ms] [ERROR] Failed to load resource: net::ERR_CONNECTION_REFUSED @ http://localhost:3000/api/auth/token:0
[  182702ms] [ERROR] Failed to get token for API call TypeError: Failed to fetch
    at s (http://localhost:3000/_next/static/chunks/70603-ec3f04c878f8ed50.js:1:18484)
    at G (http://localhost:3000/_next/static/chunks/app/(protected)/layout-a0d3cc354fe18e68.js:1:39941)
    at queryFn (http://localhost:3000/_next/static/chunks/app/(protected)/layout-a0d3cc354fe18e68.js:1:46387)
    at Object.n [as fn] (http://localhost:3000/_next/static/chunks/22454-bcd67a340ef9ff26.js:1:12236)
    at b (http://localhost:3000/_next/static/chunks/90643-4a99605b7043194a.js:1:7243)
    at http://localhost:3000/_next/static/chunks/90643-4a99605b7043194a.js:1:7582 @ http://localhost:3000/_next/static/chunks/70603-ec3f04c878f8ed50.js:0
[  182704ms] [ERROR] Failed to load resource: the server responded with a status of 401 (Unauthorized) @ http://localhost:8000/api/v1/notifications/unread-count?include_archived=false:0
