[     178ms] [LOG] [Fast Refresh] rebuilding @ webpack-internal:///(app-pages-browser)/./node_modules/next/dist/client/dev/hot-reloader/app/hot-reloader-app.js:196
[    4356ms] [LOG] [Fast Refresh] done in 4178ms @ webpack-internal:///(app-pages-browser)/./node_modules/next/dist/client/dev/report-hmr-latency.js:13
[    5310ms] [INFO] %cDownload the React DevTools for a better development experience: https://react.dev/link/react-devtools font-weight:bold @ webpack-internal:///(app-pages-browser)/./node_modules/next/dist/compiled/react-dom/cjs/react-dom-client.development.js:25630
[    6860ms] [LOG] i18next: languageChanged en-GB @ webpack-internal:///(app-pages-browser)/./node_modules/i18next/dist/esm/i18next.js:223
[    6861ms] [LOG] i18next: initialized {debug: true, initAsync: true, ns: Array(1), defaultNS: Array(1), fallbackLng: Array(1)} @ webpack-internal:///(app-pages-browser)/./node_modules/i18next/dist/esm/i18next.js:223
[    6885ms] [ERROR] Failed to load resource: net::ERR_CONNECTION_REFUSED @ http://127.0.0.1:7242/ingest/82ff2983-30f8-41d1-a335-d37b94435673:0
[    6886ms] [ERROR] Failed to load resource: net::ERR_CONNECTION_REFUSED @ http://127.0.0.1:7242/ingest/82ff2983-30f8-41d1-a335-d37b94435673:0
[    6886ms] [ERROR] Failed to load resource: net::ERR_CONNECTION_REFUSED @ http://127.0.0.1:7242/ingest/82ff2983-30f8-41d1-a335-d37b94435673:0
[    6886ms] [ERROR] Failed to load resource: net::ERR_CONNECTION_REFUSED @ http://127.0.0.1:7242/ingest/82ff2983-30f8-41d1-a335-d37b94435673:0
[    6887ms] [ERROR] Failed to load resource: net::ERR_CONNECTION_REFUSED @ http://127.0.0.1:7242/ingest/82ff2983-30f8-41d1-a335-d37b94435673:0
[    6887ms] [ERROR] Failed to load resource: net::ERR_CONNECTION_REFUSED @ http://127.0.0.1:7242/ingest/82ff2983-30f8-41d1-a335-d37b94435673:0
[    6887ms] [ERROR] Failed to load resource: net::ERR_CONNECTION_REFUSED @ http://127.0.0.1:7242/ingest/82ff2983-30f8-41d1-a335-d37b94435673:0
[    6887ms] [ERROR] Failed to load resource: net::ERR_CONNECTION_REFUSED @ http://127.0.0.1:7242/ingest/82ff2983-30f8-41d1-a335-d37b94435673:0
[    7153ms] [ERROR] Failed to load resource: net::ERR_CONNECTION_REFUSED @ http://127.0.0.1:7242/ingest/82ff2983-30f8-41d1-a335-d37b94435673:0
[    7161ms] [ERROR] Failed to load resource: net::ERR_CONNECTION_REFUSED @ http://127.0.0.1:7242/ingest/82ff2983-30f8-41d1-a335-d37b94435673:0
[    7189ms] [ERROR] Failed to load resource: net::ERR_CONNECTION_REFUSED @ http://127.0.0.1:7242/ingest/82ff2983-30f8-41d1-a335-d37b94435673:0
[  109769ms] [ERROR] Failed to load resource: net::ERR_CONNECTION_REFUSED @ http://localhost:3000/api/auth/token:0
[  109770ms] [ERROR] Failed to get token for API call TypeError: Failed to fetch
    at apiFetch (webpack-internal:///(app-pages-browser)/./lib/api.ts:135:53)
    at getUnreadCount (webpack-internal:///(app-pages-browser)/./services/notificationService.ts:33:73)
    at NotificationsSheet.useQuery (webpack-internal:///(app-pages-browser)/./app/components/partials/topbar/notifications-sheet.tsx:54:125)
    at Object.fetchFn [as fn] (webpack-internal:///(app-pages-browser)/./node_modules/@tanstack/query-core/build/modern/query.js:225:14)
    at run (webpack-internal:///(app-pages-browser)/./node_modules/@tanstack/query-core/build/modern/retryer.js:88:49)
    at Object.start (webpack-internal:///(app-pages-browser)/./node_modules/@tanstack/query-core/build/modern/retryer.js:130:9)
    at Query.fetch (webpack-internal:///(app-pages-browser)/./node_modules/@tanstack/query-core/build/modern/query.js:272:40)
    at #executeFetch (webpack-internal:///(app-pages-browser)/./node_modules/@tanstack/query-core/build/modern/queryObserver.js:181:38)
    at eval (webpack-internal:///(app-pages-browser)/./node_modules/@tanstack/query-core/build/modern/queryObserver.js:218:27) @ webpack-internal:///(app-pages-browser)/./node_modules/next/dist/next-devtools/userspace/app/errors/intercept-console-error.js:56
[  109785ms] [ERROR] Failed to load resource: the server responded with a status of 401 (Unauthorized) @ http://localhost:8000/api/v1/notifications/unread-count?include_archived=false:0
[  109786ms] [ERROR] Failed to load resource: net::ERR_CONNECTION_REFUSED @ http://localhost:3000/__nextjs_original-stack-frames:0
[  110788ms] [ERROR] Failed to load resource: net::ERR_CONNECTION_REFUSED @ http://localhost:3000/api/auth/token:0
[  110788ms] [ERROR] Failed to get token for API call TypeError: Failed to fetch
    at apiFetch (webpack-internal:///(app-pages-browser)/./lib/api.ts:135:53)
    at getUnreadCount (webpack-internal:///(app-pages-browser)/./services/notificationService.ts:33:73)
    at NotificationsSheet.useQuery (webpack-internal:///(app-pages-browser)/./app/components/partials/topbar/notifications-sheet.tsx:54:125)
    at Object.fetchFn [as fn] (webpack-internal:///(app-pages-browser)/./node_modules/@tanstack/query-core/build/modern/query.js:225:14)
    at run (webpack-internal:///(app-pages-browser)/./node_modules/@tanstack/query-core/build/modern/retryer.js:88:49)
    at eval (webpack-internal:///(app-pages-browser)/./node_modules/@tanstack/query-core/build/modern/retryer.js:112:11) @ webpack-internal:///(app-pages-browser)/./node_modules/next/dist/next-devtools/userspace/app/errors/intercept-console-error.js:56
[  110792ms] [ERROR] Failed to load resource: net::ERR_CONNECTION_REFUSED @ http://localhost:3000/__nextjs_original-stack-frames:0
[  110792ms] [ERROR] Failed to load resource: the server responded with a status of 401 (Unauthorized) @ http://localhost:8000/api/v1/notifications/unread-count?include_archived=false:0
[  112796ms] [ERROR] Failed to load resource: net::ERR_CONNECTION_REFUSED @ http://localhost:3000/api/auth/token:0
[  112796ms] [ERROR] Failed to get token for API call TypeError: Failed to fetch
    at apiFetch (webpack-internal:///(app-pages-browser)/./lib/api.ts:135:53)
    at getUnreadCount (webpack-internal:///(app-pages-browser)/./services/notificationService.ts:33:73)
    at NotificationsSheet.useQuery (webpack-internal:///(app-pages-browser)/./app/components/partials/topbar/notifications-sheet.tsx:54:125)
    at Object.fetchFn [as fn] (webpack-internal:///(app-pages-browser)/./node_modules/@tanstack/query-core/build/modern/query.js:225:14)
    at run (webpack-internal:///(app-pages-browser)/./node_modules/@tanstack/query-core/build/modern/retryer.js:88:49)
    at eval (webpack-internal:///(app-pages-browser)/./node_modules/@tanstack/query-core/build/modern/retryer.js:112:11) @ webpack-internal:///(app-pages-browser)/./node_modules/next/dist/next-devtools/userspace/app/errors/intercept-console-error.js:56
[  112802ms] [ERROR] Failed to load resource: the server responded with a status of 401 (Unauthorized) @ http://localhost:8000/api/v1/notifications/unread-count?include_archived=false:0
[  116805ms] [ERROR] Failed to load resource: net::ERR_CONNECTION_REFUSED @ http://localhost:3000/api/auth/token:0
[  116805ms] [ERROR] Failed to get token for API call TypeError: Failed to fetch
    at apiFetch (webpack-internal:///(app-pages-browser)/./lib/api.ts:135:53)
    at getUnreadCount (webpack-internal:///(app-pages-browser)/./services/notificationService.ts:33:73)
    at NotificationsSheet.useQuery (webpack-internal:///(app-pages-browser)/./app/components/partials/topbar/notifications-sheet.tsx:54:125)
    at Object.fetchFn [as fn] (webpack-internal:///(app-pages-browser)/./node_modules/@tanstack/query-core/build/modern/query.js:225:14)
    at run (webpack-internal:///(app-pages-browser)/./node_modules/@tanstack/query-core/build/modern/retryer.js:88:49)
    at eval (webpack-internal:///(app-pages-browser)/./node_modules/@tanstack/query-core/build/modern/retryer.js:112:11) @ webpack-internal:///(app-pages-browser)/./node_modules/next/dist/next-devtools/userspace/app/errors/intercept-console-error.js:56
[  116807ms] [ERROR] Failed to load resource: the server responded with a status of 401 (Unauthorized) @ http://localhost:8000/api/v1/notifications/unread-count?include_archived=false:0
[  126811ms] [ERROR] Failed to load resource: net::ERR_CONNECTION_REFUSED @ http://localhost:3000/api/auth/token:0
[  126811ms] [ERROR] Failed to get token for API call TypeError: Failed to fetch
    at apiFetch (webpack-internal:///(app-pages-browser)/./lib/api.ts:135:53)
    at getUnreadCount (webpack-internal:///(app-pages-browser)/./services/notificationService.ts:33:73)
    at NotificationsSheet.useQuery (webpack-internal:///(app-pages-browser)/./app/components/partials/topbar/notifications-sheet.tsx:54:125)
    at Object.fetchFn [as fn] (webpack-internal:///(app-pages-browser)/./node_modules/@tanstack/query-core/build/modern/query.js:225:14)
    at run (webpack-internal:///(app-pages-browser)/./node_modules/@tanstack/query-core/build/modern/retryer.js:88:49)
    at Object.start (webpack-internal:///(app-pages-browser)/./node_modules/@tanstack/query-core/build/modern/retryer.js:130:9)
    at Query.fetch (webpack-internal:///(app-pages-browser)/./node_modules/@tanstack/query-core/build/modern/query.js:272:40)
    at #executeFetch (webpack-internal:///(app-pages-browser)/./node_modules/@tanstack/query-core/build/modern/queryObserver.js:181:38)
    at eval (webpack-internal:///(app-pages-browser)/./node_modules/@tanstack/query-core/build/modern/queryObserver.js:218:27) @ webpack-internal:///(app-pages-browser)/./node_modules/next/dist/next-devtools/userspace/app/errors/intercept-console-error.js:56
[  126814ms] [ERROR] Failed to load resource: the server responded with a status of 401 (Unauthorized) @ http://localhost:8000/api/v1/notifications/unread-count?include_archived=false:0
[  127818ms] [ERROR] Failed to load resource: net::ERR_CONNECTION_REFUSED @ http://localhost:3000/api/auth/token:0
[  127818ms] [ERROR] Failed to get token for API call TypeError: Failed to fetch
    at apiFetch (webpack-internal:///(app-pages-browser)/./lib/api.ts:135:53)
    at getUnreadCount (webpack-internal:///(app-pages-browser)/./services/notificationService.ts:33:73)
    at NotificationsSheet.useQuery (webpack-internal:///(app-pages-browser)/./app/components/partials/topbar/notifications-sheet.tsx:54:125)
    at Object.fetchFn [as fn] (webpack-internal:///(app-pages-browser)/./node_modules/@tanstack/query-core/build/modern/query.js:225:14)
    at run (webpack-internal:///(app-pages-browser)/./node_modules/@tanstack/query-core/build/modern/retryer.js:88:49)
    at eval (webpack-internal:///(app-pages-browser)/./node_modules/@tanstack/query-core/build/modern/retryer.js:112:11) @ webpack-internal:///(app-pages-browser)/./node_modules/next/dist/next-devtools/userspace/app/errors/intercept-console-error.js:56
[  127822ms] [ERROR] Failed to load resource: the server responded with a status of 401 (Unauthorized) @ http://localhost:8000/api/v1/notifications/unread-count?include_archived=false:0
[  129826ms] [ERROR] Failed to load resource: net::ERR_CONNECTION_REFUSED @ http://localhost:3000/api/auth/token:0
[  129826ms] [ERROR] Failed to get token for API call TypeError: Failed to fetch
    at apiFetch (webpack-internal:///(app-pages-browser)/./lib/api.ts:135:53)
    at getUnreadCount (webpack-internal:///(app-pages-browser)/./services/notificationService.ts:33:73)
    at NotificationsSheet.useQuery (webpack-internal:///(app-pages-browser)/./app/components/partials/topbar/notifications-sheet.tsx:54:125)
    at Object.fetchFn [as fn] (webpack-internal:///(app-pages-browser)/./node_modules/@tanstack/query-core/build/modern/query.js:225:14)
    at run (webpack-internal:///(app-pages-browser)/./node_modules/@tanstack/query-core/build/modern/retryer.js:88:49)
    at eval (webpack-internal:///(app-pages-browser)/./node_modules/@tanstack/query-core/build/modern/retryer.js:112:11) @ webpack-internal:///(app-pages-browser)/./node_modules/next/dist/next-devtools/userspace/app/errors/intercept-console-error.js:56
[  129830ms] [ERROR] Failed to load resource: the server responded with a status of 401 (Unauthorized) @ http://localhost:8000/api/v1/notifications/unread-count?include_archived=false:0
[  133833ms] [ERROR] Failed to load resource: net::ERR_CONNECTION_REFUSED @ http://localhost:3000/api/auth/token:0
[  133834ms] [ERROR] Failed to get token for API call TypeError: Failed to fetch
    at apiFetch (webpack-internal:///(app-pages-browser)/./lib/api.ts:135:53)
    at getUnreadCount (webpack-internal:///(app-pages-browser)/./services/notificationService.ts:33:73)
    at NotificationsSheet.useQuery (webpack-internal:///(app-pages-browser)/./app/components/partials/topbar/notifications-sheet.tsx:54:125)
    at Object.fetchFn [as fn] (webpack-internal:///(app-pages-browser)/./node_modules/@tanstack/query-core/build/modern/query.js:225:14)
    at run (webpack-internal:///(app-pages-browser)/./node_modules/@tanstack/query-core/build/modern/retryer.js:88:49)
    at eval (webpack-internal:///(app-pages-browser)/./node_modules/@tanstack/query-core/build/modern/retryer.js:112:11) @ webpack-internal:///(app-pages-browser)/./node_modules/next/dist/next-devtools/userspace/app/errors/intercept-console-error.js:56
[  133836ms] [ERROR] Failed to load resource: the server responded with a status of 401 (Unauthorized) @ http://localhost:8000/api/v1/notifications/unread-count?include_archived=false:0
[  143852ms] [ERROR] Failed to load resource: net::ERR_CONNECTION_REFUSED @ http://localhost:3000/api/auth/token:0
[  143852ms] [ERROR] Failed to get token for API call TypeError: Failed to fetch
    at apiFetch (webpack-internal:///(app-pages-browser)/./lib/api.ts:135:53)
    at getUnreadCount (webpack-internal:///(app-pages-browser)/./services/notificationService.ts:33:73)
    at NotificationsSheet.useQuery (webpack-internal:///(app-pages-browser)/./app/components/partials/topbar/notifications-sheet.tsx:54:125)
    at Object.fetchFn [as fn] (webpack-internal:///(app-pages-browser)/./node_modules/@tanstack/query-core/build/modern/query.js:225:14)
    at run (webpack-internal:///(app-pages-browser)/./node_modules/@tanstack/query-core/build/modern/retryer.js:88:49)
    at Object.start (webpack-internal:///(app-pages-browser)/./node_modules/@tanstack/query-core/build/modern/retryer.js:130:9)
    at Query.fetch (webpack-internal:///(app-pages-browser)/./node_modules/@tanstack/query-core/build/modern/query.js:272:40)
    at #executeFetch (webpack-internal:///(app-pages-browser)/./node_modules/@tanstack/query-core/build/modern/queryObserver.js:181:38)
    at eval (webpack-internal:///(app-pages-browser)/./node_modules/@tanstack/query-core/build/modern/queryObserver.js:218:27) @ webpack-internal:///(app-pages-browser)/./node_modules/next/dist/next-devtools/userspace/app/errors/intercept-console-error.js:56
[  143874ms] [ERROR] Failed to load resource: the server responded with a status of 401 (Unauthorized) @ http://localhost:8000/api/v1/notifications/unread-count?include_archived=false:0
[  144882ms] [ERROR] Failed to load resource: net::ERR_CONNECTION_REFUSED @ http://localhost:3000/api/auth/token:0
[  144882ms] [ERROR] Failed to get token for API call TypeError: Failed to fetch
    at apiFetch (webpack-internal:///(app-pages-browser)/./lib/api.ts:135:53)
    at getUnreadCount (webpack-internal:///(app-pages-browser)/./services/notificationService.ts:33:73)
    at NotificationsSheet.useQuery (webpack-internal:///(app-pages-browser)/./app/components/partials/topbar/notifications-sheet.tsx:54:125)
    at Object.fetchFn [as fn] (webpack-internal:///(app-pages-browser)/./node_modules/@tanstack/query-core/build/modern/query.js:225:14)
    at run (webpack-internal:///(app-pages-browser)/./node_modules/@tanstack/query-core/build/modern/retryer.js:88:49)
    at eval (webpack-internal:///(app-pages-browser)/./node_modules/@tanstack/query-core/build/modern/retryer.js:112:11) @ webpack-internal:///(app-pages-browser)/./node_modules/next/dist/next-devtools/userspace/app/errors/intercept-console-error.js:56
[  144884ms] [ERROR] Failed to load resource: the server responded with a status of 401 (Unauthorized) @ http://localhost:8000/api/v1/notifications/unread-count?include_archived=false:0
[  146891ms] [ERROR] Failed to load resource: net::ERR_CONNECTION_REFUSED @ http://localhost:3000/api/auth/token:0
[  146892ms] [ERROR] Failed to get token for API call TypeError: Failed to fetch
    at apiFetch (webpack-internal:///(app-pages-browser)/./lib/api.ts:135:53)
    at getUnreadCount (webpack-internal:///(app-pages-browser)/./services/notificationService.ts:33:73)
    at NotificationsSheet.useQuery (webpack-internal:///(app-pages-browser)/./app/components/partials/topbar/notifications-sheet.tsx:54:125)
    at Object.fetchFn [as fn] (webpack-internal:///(app-pages-browser)/./node_modules/@tanstack/query-core/build/modern/query.js:225:14)
    at run (webpack-internal:///(app-pages-browser)/./node_modules/@tanstack/query-core/build/modern/retryer.js:88:49)
    at eval (webpack-internal:///(app-pages-browser)/./node_modules/@tanstack/query-core/build/modern/retryer.js:112:11) @ webpack-internal:///(app-pages-browser)/./node_modules/next/dist/next-devtools/userspace/app/errors/intercept-console-error.js:56
[  146909ms] [ERROR] Failed to load resource: the server responded with a status of 401 (Unauthorized) @ http://localhost:8000/api/v1/notifications/unread-count?include_archived=false:0
[  150920ms] [ERROR] Failed to load resource: net::ERR_CONNECTION_REFUSED @ http://localhost:3000/api/auth/token:0
[  150921ms] [ERROR] Failed to get token for API call TypeError: Failed to fetch
    at apiFetch (webpack-internal:///(app-pages-browser)/./lib/api.ts:135:53)
    at getUnreadCount (webpack-internal:///(app-pages-browser)/./services/notificationService.ts:33:73)
    at NotificationsSheet.useQuery (webpack-internal:///(app-pages-browser)/./app/components/partials/topbar/notifications-sheet.tsx:54:125)
    at Object.fetchFn [as fn] (webpack-internal:///(app-pages-browser)/./node_modules/@tanstack/query-core/build/modern/query.js:225:14)
    at run (webpack-internal:///(app-pages-browser)/./node_modules/@tanstack/query-core/build/modern/retryer.js:88:49)
    at eval (webpack-internal:///(app-pages-browser)/./node_modules/@tanstack/query-core/build/modern/retryer.js:112:11) @ webpack-internal:///(app-pages-browser)/./node_modules/next/dist/next-devtools/userspace/app/errors/intercept-console-error.js:56
[  150938ms] [ERROR] Failed to load resource: the server responded with a status of 401 (Unauthorized) @ http://localhost:8000/api/v1/notifications/unread-count?include_archived=false:0
[  160945ms] [ERROR] Failed to load resource: net::ERR_CONNECTION_REFUSED @ http://localhost:3000/api/auth/token:0
[  160945ms] [ERROR] Failed to get token for API call TypeError: Failed to fetch
    at apiFetch (webpack-internal:///(app-pages-browser)/./lib/api.ts:135:53)
    at getUnreadCount (webpack-internal:///(app-pages-browser)/./services/notificationService.ts:33:73)
    at NotificationsSheet.useQuery (webpack-internal:///(app-pages-browser)/./app/components/partials/topbar/notifications-sheet.tsx:54:125)
    at Object.fetchFn [as fn] (webpack-internal:///(app-pages-browser)/./node_modules/@tanstack/query-core/build/modern/query.js:225:14)
    at run (webpack-internal:///(app-pages-browser)/./node_modules/@tanstack/query-core/build/modern/retryer.js:88:49)
    at Object.start (webpack-internal:///(app-pages-browser)/./node_modules/@tanstack/query-core/build/modern/retryer.js:130:9)
    at Query.fetch (webpack-internal:///(app-pages-browser)/./node_modules/@tanstack/query-core/build/modern/query.js:272:40)
    at #executeFetch (webpack-internal:///(app-pages-browser)/./node_modules/@tanstack/query-core/build/modern/queryObserver.js:181:38)
    at eval (webpack-internal:///(app-pages-browser)/./node_modules/@tanstack/query-core/build/modern/queryObserver.js:218:27) @ webpack-internal:///(app-pages-browser)/./node_modules/next/dist/next-devtools/userspace/app/errors/intercept-console-error.js:56
[  160970ms] [ERROR] Failed to load resource: the server responded with a status of 401 (Unauthorized) @ http://localhost:8000/api/v1/notifications/unread-count?include_archived=false:0
[  161977ms] [ERROR] Failed to load resource: net::ERR_CONNECTION_REFUSED @ http://localhost:3000/api/auth/token:0
[  161978ms] [ERROR] Failed to get token for API call TypeError: Failed to fetch
    at apiFetch (webpack-internal:///(app-pages-browser)/./lib/api.ts:135:53)
    at getUnreadCount (webpack-internal:///(app-pages-browser)/./services/notificationService.ts:33:73)
    at NotificationsSheet.useQuery (webpack-internal:///(app-pages-browser)/./app/components/partials/topbar/notifications-sheet.tsx:54:125)
    at Object.fetchFn [as fn] (webpack-internal:///(app-pages-browser)/./node_modules/@tanstack/query-core/build/modern/query.js:225:14)
    at run (webpack-internal:///(app-pages-browser)/./node_modules/@tanstack/query-core/build/modern/retryer.js:88:49)
    at eval (webpack-internal:///(app-pages-browser)/./node_modules/@tanstack/query-core/build/modern/retryer.js:112:11) @ webpack-internal:///(app-pages-browser)/./node_modules/next/dist/next-devtools/userspace/app/errors/intercept-console-error.js:56
[  161986ms] [ERROR] Failed to load resource: the server responded with a status of 401 (Unauthorized) @ http://localhost:8000/api/v1/notifications/unread-count?include_archived=false:0
[  163996ms] [ERROR] Failed to load resource: net::ERR_CONNECTION_REFUSED @ http://localhost:3000/api/auth/token:0
[  163997ms] [ERROR] Failed to get token for API call TypeError: Failed to fetch
    at apiFetch (webpack-internal:///(app-pages-browser)/./lib/api.ts:135:53)
    at getUnreadCount (webpack-internal:///(app-pages-browser)/./services/notificationService.ts:33:73)
    at NotificationsSheet.useQuery (webpack-internal:///(app-pages-browser)/./app/components/partials/topbar/notifications-sheet.tsx:54:125)
    at Object.fetchFn [as fn] (webpack-internal:///(app-pages-browser)/./node_modules/@tanstack/query-core/build/modern/query.js:225:14)
    at run (webpack-internal:///(app-pages-browser)/./node_modules/@tanstack/query-core/build/modern/retryer.js:88:49)
    at eval (webpack-internal:///(app-pages-browser)/./node_modules/@tanstack/query-core/build/modern/retryer.js:112:11) @ webpack-internal:///(app-pages-browser)/./node_modules/next/dist/next-devtools/userspace/app/errors/intercept-console-error.js:56
[  164025ms] [ERROR] Failed to load resource: the server responded with a status of 401 (Unauthorized) @ http://localhost:8000/api/v1/notifications/unread-count?include_archived=false:0
[  168040ms] [ERROR] Failed to load resource: net::ERR_CONNECTION_REFUSED @ http://localhost:3000/api/auth/token:0
[  168041ms] [ERROR] Failed to get token for API call TypeError: Failed to fetch
    at apiFetch (webpack-internal:///(app-pages-browser)/./lib/api.ts:135:53)
    at getUnreadCount (webpack-internal:///(app-pages-browser)/./services/notificationService.ts:33:73)
    at NotificationsSheet.useQuery (webpack-internal:///(app-pages-browser)/./app/components/partials/topbar/notifications-sheet.tsx:54:125)
    at Object.fetchFn [as fn] (webpack-internal:///(app-pages-browser)/./node_modules/@tanstack/query-core/build/modern/query.js:225:14)
    at run (webpack-internal:///(app-pages-browser)/./node_modules/@tanstack/query-core/build/modern/retryer.js:88:49)
    at eval (webpack-internal:///(app-pages-browser)/./node_modules/@tanstack/query-core/build/modern/retryer.js:112:11) @ webpack-internal:///(app-pages-browser)/./node_modules/next/dist/next-devtools/userspace/app/errors/intercept-console-error.js:56
[  168060ms] [ERROR] Failed to load resource: the server responded with a status of 401 (Unauthorized) @ http://localhost:8000/api/v1/notifications/unread-count?include_archived=false:0
[  178065ms] [ERROR] Failed to load resource: net::ERR_CONNECTION_REFUSED @ http://localhost:3000/api/auth/token:0
[  178065ms] [ERROR] Failed to get token for API call TypeError: Failed to fetch
    at apiFetch (webpack-internal:///(app-pages-browser)/./lib/api.ts:135:53)
    at getUnreadCount (webpack-internal:///(app-pages-browser)/./services/notificationService.ts:33:73)
    at NotificationsSheet.useQuery (webpack-internal:///(app-pages-browser)/./app/components/partials/topbar/notifications-sheet.tsx:54:125)
    at Object.fetchFn [as fn] (webpack-internal:///(app-pages-browser)/./node_modules/@tanstack/query-core/build/modern/query.js:225:14)
    at run (webpack-internal:///(app-pages-browser)/./node_modules/@tanstack/query-core/build/modern/retryer.js:88:49)
    at Object.start (webpack-internal:///(app-pages-browser)/./node_modules/@tanstack/query-core/build/modern/retryer.js:130:9)
    at Query.fetch (webpack-internal:///(app-pages-browser)/./node_modules/@tanstack/query-core/build/modern/query.js:272:40)
    at #executeFetch (webpack-internal:///(app-pages-browser)/./node_modules/@tanstack/query-core/build/modern/queryObserver.js:181:38)
    at eval (webpack-internal:///(app-pages-browser)/./node_modules/@tanstack/query-core/build/modern/queryObserver.js:218:27) @ webpack-internal:///(app-pages-browser)/./node_modules/next/dist/next-devtools/userspace/app/errors/intercept-console-error.js:56
[  178072ms] [ERROR] Failed to load resource: the server responded with a status of 401 (Unauthorized) @ http://localhost:8000/api/v1/notifications/unread-count?include_archived=false:0
[  179075ms] [ERROR] Failed to load resource: net::ERR_CONNECTION_REFUSED @ http://localhost:3000/api/auth/token:0
[  179075ms] [ERROR] Failed to get token for API call TypeError: Failed to fetch
    at apiFetch (webpack-internal:///(app-pages-browser)/./lib/api.ts:135:53)
    at getUnreadCount (webpack-internal:///(app-pages-browser)/./services/notificationService.ts:33:73)
    at NotificationsSheet.useQuery (webpack-internal:///(app-pages-browser)/./app/components/partials/topbar/notifications-sheet.tsx:54:125)
    at Object.fetchFn [as fn] (webpack-internal:///(app-pages-browser)/./node_modules/@tanstack/query-core/build/modern/query.js:225:14)
    at run (webpack-internal:///(app-pages-browser)/./node_modules/@tanstack/query-core/build/modern/retryer.js:88:49)
    at eval (webpack-internal:///(app-pages-browser)/./node_modules/@tanstack/query-core/build/modern/retryer.js:112:11) @ webpack-internal:///(app-pages-browser)/./node_modules/next/dist/next-devtools/userspace/app/errors/intercept-console-error.js:56
[  179078ms] [ERROR] Failed to load resource: the server responded with a status of 401 (Unauthorized) @ http://localhost:8000/api/v1/notifications/unread-count?include_archived=false:0
[  181079ms] [ERROR] Failed to load resource: net::ERR_CONNECTION_REFUSED @ http://localhost:3000/api/auth/token:0
[  181079ms] [ERROR] Failed to get token for API call TypeError: Failed to fetch
    at apiFetch (webpack-internal:///(app-pages-browser)/./lib/api.ts:135:53)
    at getUnreadCount (webpack-internal:///(app-pages-browser)/./services/notificationService.ts:33:73)
    at NotificationsSheet.useQuery (webpack-internal:///(app-pages-browser)/./app/components/partials/topbar/notifications-sheet.tsx:54:125)
    at Object.fetchFn [as fn] (webpack-internal:///(app-pages-browser)/./node_modules/@tanstack/query-core/build/modern/query.js:225:14)
    at run (webpack-internal:///(app-pages-browser)/./node_modules/@tanstack/query-core/build/modern/retryer.js:88:49)
    at eval (webpack-internal:///(app-pages-browser)/./node_modules/@tanstack/query-core/build/modern/retryer.js:112:11) @ webpack-internal:///(app-pages-browser)/./node_modules/next/dist/next-devtools/userspace/app/errors/intercept-console-error.js:56
[  181081ms] [ERROR] Failed to load resource: the server responded with a status of 401 (Unauthorized) @ http://localhost:8000/api/v1/notifications/unread-count?include_archived=false:0
[  185088ms] [ERROR] Failed to load resource: net::ERR_CONNECTION_REFUSED @ http://localhost:3000/api/auth/token:0
[  185088ms] [ERROR] Failed to get token for API call TypeError: Failed to fetch
    at apiFetch (webpack-internal:///(app-pages-browser)/./lib/api.ts:135:53)
    at getUnreadCount (webpack-internal:///(app-pages-browser)/./services/notificationService.ts:33:73)
    at NotificationsSheet.useQuery (webpack-internal:///(app-pages-browser)/./app/components/partials/topbar/notifications-sheet.tsx:54:125)
    at Object.fetchFn [as fn] (webpack-internal:///(app-pages-browser)/./node_modules/@tanstack/query-core/build/modern/query.js:225:14)
    at run (webpack-internal:///(app-pages-browser)/./node_modules/@tanstack/query-core/build/modern/retryer.js:88:49)
    at eval (webpack-internal:///(app-pages-browser)/./node_modules/@tanstack/query-core/build/modern/retryer.js:112:11) @ webpack-internal:///(app-pages-browser)/./node_modules/next/dist/next-devtools/userspace/app/errors/intercept-console-error.js:56
[  185104ms] [ERROR] Failed to load resource: the server responded with a status of 401 (Unauthorized) @ http://localhost:8000/api/v1/notifications/unread-count?include_archived=false:0
[  195107ms] [ERROR] Failed to load resource: net::ERR_CONNECTION_REFUSED @ http://localhost:3000/api/auth/token:0
[  195107ms] [ERROR] Failed to get token for API call TypeError: Failed to fetch
    at apiFetch (webpack-internal:///(app-pages-browser)/./lib/api.ts:135:53)
    at getUnreadCount (webpack-internal:///(app-pages-browser)/./services/notificationService.ts:33:73)
    at NotificationsSheet.useQuery (webpack-internal:///(app-pages-browser)/./app/components/partials/topbar/notifications-sheet.tsx:54:125)
    at Object.fetchFn [as fn] (webpack-internal:///(app-pages-browser)/./node_modules/@tanstack/query-core/build/modern/query.js:225:14)
    at run (webpack-internal:///(app-pages-browser)/./node_modules/@tanstack/query-core/build/modern/retryer.js:88:49)
    at Object.start (webpack-internal:///(app-pages-browser)/./node_modules/@tanstack/query-core/build/modern/retryer.js:130:9)
    at Query.fetch (webpack-internal:///(app-pages-browser)/./node_modules/@tanstack/query-core/build/modern/query.js:272:40)
    at #executeFetch (webpack-internal:///(app-pages-browser)/./node_modules/@tanstack/query-core/build/modern/queryObserver.js:181:38)
    at eval (webpack-internal:///(app-pages-browser)/./node_modules/@tanstack/query-core/build/modern/queryObserver.js:218:27) @ webpack-internal:///(app-pages-browser)/./node_modules/next/dist/next-devtools/userspace/app/errors/intercept-console-error.js:56
[  195122ms] [ERROR] Failed to load resource: the server responded with a status of 401 (Unauthorized) @ http://localhost:8000/api/v1/notifications/unread-count?include_archived=false:0
[  196124ms] [ERROR] Failed to load resource: net::ERR_CONNECTION_REFUSED @ http://localhost:3000/api/auth/token:0
[  196124ms] [ERROR] Failed to get token for API call TypeError: Failed to fetch
    at apiFetch (webpack-internal:///(app-pages-browser)/./lib/api.ts:135:53)
    at getUnreadCount (webpack-internal:///(app-pages-browser)/./services/notificationService.ts:33:73)
    at NotificationsSheet.useQuery (webpack-internal:///(app-pages-browser)/./app/components/partials/topbar/notifications-sheet.tsx:54:125)
    at Object.fetchFn [as fn] (webpack-internal:///(app-pages-browser)/./node_modules/@tanstack/query-core/build/modern/query.js:225:14)
    at run (webpack-internal:///(app-pages-browser)/./node_modules/@tanstack/query-core/build/modern/retryer.js:88:49)
    at eval (webpack-internal:///(app-pages-browser)/./node_modules/@tanstack/query-core/build/modern/retryer.js:112:11) @ webpack-internal:///(app-pages-browser)/./node_modules/next/dist/next-devtools/userspace/app/errors/intercept-console-error.js:56
[  196126ms] [ERROR] Failed to load resource: the server responded with a status of 401 (Unauthorized) @ http://localhost:8000/api/v1/notifications/unread-count?include_archived=false:0
[  198129ms] [ERROR] Failed to load resource: net::ERR_CONNECTION_REFUSED @ http://localhost:3000/api/auth/token:0
[  198130ms] [ERROR] Failed to get token for API call TypeError: Failed to fetch
    at apiFetch (webpack-internal:///(app-pages-browser)/./lib/api.ts:135:53)
    at getUnreadCount (webpack-internal:///(app-pages-browser)/./services/notificationService.ts:33:73)
    at NotificationsSheet.useQuery (webpack-internal:///(app-pages-browser)/./app/components/partials/topbar/notifications-sheet.tsx:54:125)
    at Object.fetchFn [as fn] (webpack-internal:///(app-pages-browser)/./node_modules/@tanstack/query-core/build/modern/query.js:225:14)
    at run (webpack-internal:///(app-pages-browser)/./node_modules/@tanstack/query-core/build/modern/retryer.js:88:49)
    at eval (webpack-internal:///(app-pages-browser)/./node_modules/@tanstack/query-core/build/modern/retryer.js:112:11) @ webpack-internal:///(app-pages-browser)/./node_modules/next/dist/next-devtools/userspace/app/errors/intercept-console-error.js:56
[  198132ms] [ERROR] Failed to load resource: the server responded with a status of 401 (Unauthorized) @ http://localhost:8000/api/v1/notifications/unread-count?include_archived=false:0
[  202134ms] [ERROR] Failed to load resource: net::ERR_CONNECTION_REFUSED @ http://localhost:3000/api/auth/token:0
[  202134ms] [ERROR] Failed to get token for API call TypeError: Failed to fetch
    at apiFetch (webpack-internal:///(app-pages-browser)/./lib/api.ts:135:53)
    at getUnreadCount (webpack-internal:///(app-pages-browser)/./services/notificationService.ts:33:73)
    at NotificationsSheet.useQuery (webpack-internal:///(app-pages-browser)/./app/components/partials/topbar/notifications-sheet.tsx:54:125)
    at Object.fetchFn [as fn] (webpack-internal:///(app-pages-browser)/./node_modules/@tanstack/query-core/build/modern/query.js:225:14)
    at run (webpack-internal:///(app-pages-browser)/./node_modules/@tanstack/query-core/build/modern/retryer.js:88:49)
    at eval (webpack-internal:///(app-pages-browser)/./node_modules/@tanstack/query-core/build/modern/retryer.js:112:11) @ webpack-internal:///(app-pages-browser)/./node_modules/next/dist/next-devtools/userspace/app/errors/intercept-console-error.js:56
[  202138ms] [ERROR] Failed to load resource: the server responded with a status of 401 (Unauthorized) @ http://localhost:8000/api/v1/notifications/unread-count?include_archived=false:0
[  212156ms] [ERROR] Failed to load resource: net::ERR_CONNECTION_REFUSED @ http://localhost:3000/api/auth/token:0
[  212157ms] [ERROR] Failed to get token for API call TypeError: Failed to fetch
    at apiFetch (webpack-internal:///(app-pages-browser)/./lib/api.ts:135:53)
    at getUnreadCount (webpack-internal:///(app-pages-browser)/./services/notificationService.ts:33:73)
    at NotificationsSheet.useQuery (webpack-internal:///(app-pages-browser)/./app/components/partials/topbar/notifications-sheet.tsx:54:125)
    at Object.fetchFn [as fn] (webpack-internal:///(app-pages-browser)/./node_modules/@tanstack/query-core/build/modern/query.js:225:14)
    at run (webpack-internal:///(app-pages-browser)/./node_modules/@tanstack/query-core/build/modern/retryer.js:88:49)
    at Object.start (webpack-internal:///(app-pages-browser)/./node_modules/@tanstack/query-core/build/modern/retryer.js:130:9)
    at Query.fetch (webpack-internal:///(app-pages-browser)/./node_modules/@tanstack/query-core/build/modern/query.js:272:40)
    at #executeFetch (webpack-internal:///(app-pages-browser)/./node_modules/@tanstack/query-core/build/modern/queryObserver.js:181:38)
    at eval (webpack-internal:///(app-pages-browser)/./node_modules/@tanstack/query-core/build/modern/queryObserver.js:218:27) @ webpack-internal:///(app-pages-browser)/./node_modules/next/dist/next-devtools/userspace/app/errors/intercept-console-error.js:56
[  212181ms] [ERROR] Failed to load resource: the server responded with a status of 401 (Unauthorized) @ http://localhost:8000/api/v1/notifications/unread-count?include_archived=false:0
[  213184ms] [ERROR] Failed to load resource: net::ERR_CONNECTION_REFUSED @ http://localhost:3000/api/auth/token:0
[  213184ms] [ERROR] Failed to get token for API call TypeError: Failed to fetch
    at apiFetch (webpack-internal:///(app-pages-browser)/./lib/api.ts:135:53)
    at getUnreadCount (webpack-internal:///(app-pages-browser)/./services/notificationService.ts:33:73)
    at NotificationsSheet.useQuery (webpack-internal:///(app-pages-browser)/./app/components/partials/topbar/notifications-sheet.tsx:54:125)
    at Object.fetchFn [as fn] (webpack-internal:///(app-pages-browser)/./node_modules/@tanstack/query-core/build/modern/query.js:225:14)
    at run (webpack-internal:///(app-pages-browser)/./node_modules/@tanstack/query-core/build/modern/retryer.js:88:49)
    at eval (webpack-internal:///(app-pages-browser)/./node_modules/@tanstack/query-core/build/modern/retryer.js:112:11) @ webpack-internal:///(app-pages-browser)/./node_modules/next/dist/next-devtools/userspace/app/errors/intercept-console-error.js:56
[  213187ms] [ERROR] Failed to load resource: the server responded with a status of 401 (Unauthorized) @ http://localhost:8000/api/v1/notifications/unread-count?include_archived=false:0
[  215189ms] [ERROR] Failed to load resource: net::ERR_CONNECTION_REFUSED @ http://localhost:3000/api/auth/token:0
[  215189ms] [ERROR] Failed to get token for API call TypeError: Failed to fetch
    at apiFetch (webpack-internal:///(app-pages-browser)/./lib/api.ts:135:53)
    at getUnreadCount (webpack-internal:///(app-pages-browser)/./services/notificationService.ts:33:73)
    at NotificationsSheet.useQuery (webpack-internal:///(app-pages-browser)/./app/components/partials/topbar/notifications-sheet.tsx:54:125)
    at Object.fetchFn [as fn] (webpack-internal:///(app-pages-browser)/./node_modules/@tanstack/query-core/build/modern/query.js:225:14)
    at run (webpack-internal:///(app-pages-browser)/./node_modules/@tanstack/query-core/build/modern/retryer.js:88:49)
    at eval (webpack-internal:///(app-pages-browser)/./node_modules/@tanstack/query-core/build/modern/retryer.js:112:11) @ webpack-internal:///(app-pages-browser)/./node_modules/next/dist/next-devtools/userspace/app/errors/intercept-console-error.js:56
[  215191ms] [ERROR] Failed to load resource: the server responded with a status of 401 (Unauthorized) @ http://localhost:8000/api/v1/notifications/unread-count?include_archived=false:0
[  219194ms] [ERROR] Failed to load resource: net::ERR_CONNECTION_REFUSED @ http://localhost:3000/api/auth/token:0
[  219194ms] [ERROR] Failed to get token for API call TypeError: Failed to fetch
    at apiFetch (webpack-internal:///(app-pages-browser)/./lib/api.ts:135:53)
    at getUnreadCount (webpack-internal:///(app-pages-browser)/./services/notificationService.ts:33:73)
    at NotificationsSheet.useQuery (webpack-internal:///(app-pages-browser)/./app/components/partials/topbar/notifications-sheet.tsx:54:125)
    at Object.fetchFn [as fn] (webpack-internal:///(app-pages-browser)/./node_modules/@tanstack/query-core/build/modern/query.js:225:14)
    at run (webpack-internal:///(app-pages-browser)/./node_modules/@tanstack/query-core/build/modern/retryer.js:88:49)
    at eval (webpack-internal:///(app-pages-browser)/./node_modules/@tanstack/query-core/build/modern/retryer.js:112:11) @ webpack-internal:///(app-pages-browser)/./node_modules/next/dist/next-devtools/userspace/app/errors/intercept-console-error.js:56
[  219198ms] [ERROR] Failed to load resource: the server responded with a status of 401 (Unauthorized) @ http://localhost:8000/api/v1/notifications/unread-count?include_archived=false:0
