[     162ms] [ERROR] Failed to load resource: the server responded with a status of 400 (Bad Request) @ http://localhost:3000/_next/static/css/ae9474c46b1aa04e.css:0
[     180ms] [ERROR] Failed to load resource: the server responded with a status of 400 (Bad Request) @ http://localhost:3000/_next/static/chunks/22544-41d5e8300f38f194.js:0
[     186ms] [ERROR] Failed to load resource: the server responded with a status of 400 (Bad Request) @ http://localhost:3000/_next/static/chunks/71560-0493029b6275d13c.js:0
[     186ms] [ERROR] Failed to load resource: the server responded with a status of 400 (Bad Request) @ http://localhost:3000/_next/static/chunks/44818-80db810dbd55b7e9.js:0
[     186ms] [ERROR] Failed to load resource: the server responded with a status of 400 (Bad Request) @ http://localhost:3000/_next/static/chunks/app/(auth)/signin/page-f92dfe4047de7eec.js:0
[     355ms] ChunkLoadError: Loading chunk 22544 failed.
(error: http://localhost:3000/_next/static/chunks/22544-41d5e8300f38f194.js)
    at r.f.j (http://localhost:3000/_next/static/chunks/webpack-2b7a6398443b43e9.js:1:3891)
    at http://localhost:3000/_next/static/chunks/webpack-2b7a6398443b43e9.js:1:1226
    at Array.reduce (<anonymous>)
    at r.e (http://localhost:3000/_next/static/chunks/webpack-2b7a6398443b43e9.js:1:1205)
    at c (http://localhost:3000/_next/static/chunks/31255-9524d9d47a8e8f1e.js:1:150279)
    at http://localhost:3000/_next/static/chunks/31255-9524d9d47a8e8f1e.js:1:164893
    at t (http://localhost:3000/_next/static/chunks/31255-9524d9d47a8e8f1e.js:1:166351)
[   21301ms] [ERROR] Failed to load resource: the server responded with a status of 400 (Bad Request) @ http://localhost:3000/_next/static/css/ae9474c46b1aa04e.css:0
[   21311ms] [ERROR] Failed to load resource: the server responded with a status of 400 (Bad Request) @ http://localhost:3000/_next/static/chunks/22544-41d5e8300f38f194.js:0
[   21311ms] [ERROR] Failed to load resource: the server responded with a status of 400 (Bad Request) @ http://localhost:3000/_next/static/chunks/71560-0493029b6275d13c.js:0
[   21320ms] [ERROR] Failed to load resource: the server responded with a status of 400 (Bad Request) @ http://localhost:3000/_next/static/chunks/44818-80db810dbd55b7e9.js:0
[   21320ms] [ERROR] Failed to load resource: the server responded with a status of 400 (Bad Request) @ http://localhost:3000/_next/static/chunks/app/(auth)/signin/page-f92dfe4047de7eec.js:0
[   21493ms] ChunkLoadError: Loading chunk 22544 failed.
(error: http://localhost:3000/_next/static/chunks/22544-41d5e8300f38f194.js)
    at r.f.j (http://localhost:3000/_next/static/chunks/webpack-2b7a6398443b43e9.js:1:3891)
    at http://localhost:3000/_next/static/chunks/webpack-2b7a6398443b43e9.js:1:1226
    at Array.reduce (<anonymous>)
    at r.e (http://localhost:3000/_next/static/chunks/webpack-2b7a6398443b43e9.js:1:1205)
    at c (http://localhost:3000/_next/static/chunks/31255-9524d9d47a8e8f1e.js:1:150279)
    at http://localhost:3000/_next/static/chunks/31255-9524d9d47a8e8f1e.js:1:164893
    at t (http://localhost:3000/_next/static/chunks/31255-9524d9d47a8e8f1e.js:1:166351)
