console-check-1789244779  2 cases against http://127.0.0.1:8085  parser prompt pinned to version 6ff46cb0-2753-464b-92d1-3c50c6a155da
lane switches before: enabled=True lanes=['access_denied', 'escalate_offer', 'out_of_scope', 'ideate', 'offer_hold', 'escalation_declined', 'check_promotion', 'low_signal', 'clarify_menu', 'not_supported', 'stock_denied', 'demand_qty', 'business_query']
lane switches for the run: enabled=True lanes=13
FAIL  outstanding report journey - SO direct ask, missing-scope question, both, detail, customer filter, miss branch=business_query  'Product: SRTWT02-A Customer: all Location: all Order date: all  *Sales order outstanding* No open sales order.  *Deliver'
      - turn 2: reply does not contain 'Outstanding for which document?'
      - turn 2: reply does not contain '1. Sales orders'
      - turn 2: reply does not contain '2. Delivery orders'
      - turn 2: reply does not contain '3. Both'
      - turn 2: reply contains 'Sales order outstanding' and must not
      - turn 2: reply contains 'Delivery order pending' and must not
      - turn 2: pending kind is None, expected 'outstanding_scope'
      - turn 3: reply does not contain 'SRTWT7445'
      - turn 3: reply does not contain '01/01/2026 to 31/12/2026'
      - turn 3: reply does not contain 'Sales order outstanding'
      - turn 3: reply does not contain 'Delivery order pending'
      - turn 3: reply does not contain '1. Sales order list'
      - turn 3: reply does not contain '2. Delivery order list'
      - turn 3: pending kind is None, expected 'outstanding_detail'
      - turn 4: branch_kind is 'low_signal', expected 'business_query'
      - turn 4: reply does not contain 'SO Number:'
      - turn 4: reply does not contain 'Ordered:'
      - turn 4: reply does not contain 'Transferred to DO:'
      - turn 4: reply does not contain 'Outstanding:'
      - turn 4: reply does not contain 'Order Date:'
      - turn 5: reply does not contain 'SRTWT7445'
FAIL  AC-1140 - no sales_orders.outstanding grant runs DO-only, never asks branch=None  'Sorry, I ran into a problem understanding that. Please try again in a moment. Sorry, I ran into a problem understanding '
      - branch_kind is None, expected 'business_query'
      - reply does not contain 'Delivery order pending'
lane switches restored: enabled=True lanes=['access_denied', 'escalate_offer', 'out_of_scope', 'ideate', 'offer_hold', 'escalation_declined', 'check_promotion', 'low_signal', 'clarify_menu', 'not_supported', 'stock_denied', 'demand_qty', 'business_query']

0 passed, 2 failed  (console-check-1789244779)
