console-check-1789317103  4 cases against http://127.0.0.1:8085  parser prompt pinned to version 1b0b23cb-515e-400c-953a-0a775d9703e6
lane switches before: enabled=True lanes=['access_denied', 'escalate_offer', 'out_of_scope', 'ideate', 'offer_hold', 'escalation_declined', 'check_promotion', 'low_signal', 'clarify_menu', 'not_supported', 'stock_denied', 'demand_qty', 'business_query']
lane switches for the run: enabled=True lanes=13
FAIL  outstanding report journey - SO direct ask, missing-scope question, both, detail, customer filter, miss branch=business_query  'Product: SRTWT02 Customer: all Location: all Order date: all  *Sales order outstanding* No open sales order.  *Delivery '
      - turn 1: reply does not contain '1. Sales order list'
      - turn 5: branch_kind is None, expected 'business_query'
      - turn 5: reply does not contain 'Product: SRTWT7445'
      - turn 5: reply does not contain 'FULLSHUN SANITARYWARE SDN BHD (CERAMIC & ELLECI)'
FAIL  D17 - parser-driven word answers to the open scope/detail questions, and a new ask mid-offer branch=clarify_menu  "I see you're trying to see everything, Let me understand more.  Are you asking about any of these?  - Product (List Pric"
      - turn 1: branch_kind is None, expected 'business_query'
      - turn 1: reply does not contain 'Sales order outstanding'
      - turn 1: reply does not contain 'Delivery order outstanding'
      - turn 1: pending kind is None, expected 'outstanding_detail'
      - turn 2: reply does not contain 'DO Number:'
      - turn 2: reply does not contain 'DO Qty:'
      - turn 2: reply does not contain 'Delivered:'
      - turn 2: reply does not contain 'Outstanding:'
      - turn 2: reply does not contain 'DO Date:'
      - turn 2: reply contains 'Transporter' and must not
      - turn 3: reply does not contain 'SO Number:'
      - turn 3: reply does not contain 'Ordered:'
      - turn 3: reply does not contain 'Transferred to DO:'
      - turn 3: reply does not contain 'Outstanding:'
      - turn 5: branch_kind is None, expected 'business_query'
      - turn 5: reply does not contain 'Outstanding for which document?'
      - turn 5: reply does not contain '1. Sales orders'
      - turn 5: reply does not contain '2. Delivery orders'
      - turn 5: reply does not contain '3. Both'
      - turn 5: pending kind is None, expected 'outstanding_scope'
      - turn 6: branch_kind is 'clarify_menu', expected 'business_query'
      - turn 6: reply does not contain 'Sales order outstanding'
      - turn 6: reply does not contain 'Delivery order outstanding'
PASS  R12 - a scope word embedded inside a longer sentence still decides the scope branch=business_query  'Product: SRTWC8518-SH Customer: all Location: BRW Order date: all  *Delivery order outstanding* Delivery orders: 10 DO q'
PASS  R13 - a customer-only ask reaches the same report, By product instead of By customer branch=business_query  'Product: all Customer: HANLIM TRADING SDN BHD [A/C II], HANLIM TRADING SDN BHD [A/C I], HANLIM TRADING SDN BHD [A/C III]'
lane switches restored: enabled=True lanes=['access_denied', 'escalate_offer', 'out_of_scope', 'ideate', 'offer_hold', 'escalation_declined', 'check_promotion', 'low_signal', 'clarify_menu', 'not_supported', 'stock_denied', 'demand_qty', 'business_query']

2 passed, 2 failed  (console-check-1789317103)
