lane switches before: enabled=True lanes=['access_denied', 'escalate_offer', 'out_of_scope', 'ideate', 'offer_hold', 'escalation_declined', 'check_promotion', 'low_signal', 'clarify_menu', 'not_supported', 'stock_denied', 'demand_qty', 'business_query']
lane switches for the run: enabled=True lanes=13

--- turn 1  contact 437264483 ---
> SRTWT7445 outstanding for BB
  branch_kind: business_query
  reply.text: Product: SRTWT7445
Outstanding for which document?
1. Sales orders (not yet transferred to DO)
2. Delivery orders (not yet delivered)
3. Both
  send_message: Product: SRTWT7445
Outstanding for which document?
1. Sales orders (not yet transferred to DO)
2. Delivery orders (not yet delivered)
3. Both
  trace: no tool call

--- turn 2  contact 437264483 ---
> 2
  branch_kind: business_query
  reply.text: Product: SRTWT7445
Customer: all
Location: BB (DC1-BB, BRW-BB, WH3-BB, MWH-BB, RSW-BB)
Order date: all

*Delivery order pending*
DO qty: 551
Delivered: 358
Pending: 193
Delivery orders: 17
DO date range: 24/04/2026 to 20/08/2026
*_By location_*
BRW-BB: 551 (O/S: 193)
*_By customer_*
JATI CERAMIC SDN BHD [PROJECT]: 3 (O/S: 0)
OTM GROUP SDN BHD (PROJECT): 26 (O/S: 0)
GLOBAL INGRESS SDN BHD (PROJECT): 85 (O/S: 0)
EXACO MARKETING SDN BHD (PROJECT): 2 (O/S: 0)
CHIN HOO SDN BHD (PROJECT): 22 (O/S: 7)
SETIA-WOOD INDUSTRIES SDN BHD (PROJECT): 173 (O/S: 0)
VANTREX DEVELOPMENT SDN BHD (PROJECT): 2 (O/S: 0)
PARAMOUNT CONSTRUCTION SDN BHD (PROJECT): 48 (O/S: 0)
JADE GRAPHIX SDN BHD (PROJECT): 1 (O/S: 0)
BEYOND BATH SDN BHD: 186 (O/S: 186)
OTM GROUP SDN BHD: 2 (O/S: 0)
AUSTIN SENIBONG DEVELOPMENT SDN BHD: 1 (O/S: 0)

Reply with a number for detail:
1. Delivery order list
  send_message: Product: SRTWT7445
Customer: all
Location: BB (DC1-BB, BRW-BB, WH3-BB, MWH-BB, RSW-BB)
Order date: all

*Delivery order pending*
DO qty: 551
Delivered: 358
Pending: 193
Delivery orders: 17
DO date range: 24/04/2026 to 20/08/2026
*_By location_*
BRW-BB: 551 (O/S: 193)
*_By customer_*
JATI CERAMIC SDN BHD [PROJECT]: 3 (O/S: 0)
OTM GROUP SDN BHD (PROJECT): 26 (O/S: 0)
GLOBAL INGRESS SDN BHD (PROJECT): 85 (O/S: 0)
EXACO MARKETING SDN BHD (PROJECT): 2 (O/S: 0)
CHIN HOO SDN BHD (PROJECT): 22 (O/S: 7)
SETIA-WOOD INDUSTRIES SDN BHD (PROJECT): 173 (O/S: 0)
VANTREX DEVELOPMENT SDN BHD (PROJECT): 2 (O/S: 0)
PARAMOUNT CONSTRUCTION SDN BHD (PROJECT): 48 (O/S: 0)
JADE GRAPHIX SDN BHD (PROJECT): 1 (O/S: 0)
BEYOND BATH SDN BHD: 186 (O/S: 186)
OTM GROUP SDN BHD: 2 (O/S: 0)
AUSTIN SENIBONG DEVELOPMENT SDN BHD: 1 (O/S: 0)

Reply with a number for detail:
1. Delivery order list
  trace: tool=crm_outstanding_report args={"scope": "do", "date_mode": null, "is_active": null, "product_code": "SRTWT7445", "access_levels": [], "location_token": "BB", "warehouse_codes": ["DC1-BB", "BRW-BB", "WH3-BB", "MWH-BB", "RSW-BB"]}
lane switches restored: enabled=True lanes=['access_denied', 'escalate_offer', 'out_of_scope', 'ideate', 'offer_hold', 'escalation_declined', 'check_promotion', 'low_signal', 'clarify_menu', 'not_supported', 'stock_denied', 'demand_qty', 'business_query']
